Microchip MPLAB XC8 Compiler V2.40

Linker command line:

-W-3 \
  --edf=C:\Program Files\Microchip\xc8\v2.40\pic\dat\20220703182018_en.msgs \
  -cn \
  -h+dist/default/production\A22-Number_Marquee_Rotation_Control.X.production.sym \
  --cmf=dist/default/production\A22-Number_Marquee_Rotation_Control.X.production.cmf \
  -z -Q16F877A -oC:\Users\WROST^~1\AppData\Local\Temp\xcAsgvg.4 \
  --defsym=__MPLAB_BUILD=1 --fixupoverflow=error \
  -Mdist/default/production/A22-Number_Marquee_Rotation_Control.X.production.map \
  --md=C:\Users\WROST^~1\AppData\Local\Temp\xcAsgvg.dat -E1 \
  -ver=XC8 Compiler --acfsm=1493 -ACODE=00h-07FFhx4 -ASTRCODE=00h-01FFFh \
  -ASTRING=00h-0FFhx32 -ACONST=00h-0FFhx32 -AENTRY=00h-0FFhx32 \
  -ACOMMON=070h-07Fh -ABANK0=020h-06Fh -ABANK1=0A0h-0EFh \
  -ABANK2=0110h-016Fh -ABANK3=0190h-01EFh \
  -ARAM=020h-06Fh,0A0h-0EFh,0110h-016Fh,0190h-01EFh \
  -AABS1=020h-07Fh,0A0h-0EFh,0110h-016Fh,0190h-01EFh -ASFR0=00h-01Fh \
  -ASFR1=080h-09Fh -ASFR2=0100h-010Fh -ASFR3=0180h-018Fh \
  -ACONFIG=02007h-02007h -DCONFIG=2 -AIDLOC=02000h-02003h -DIDLOC=2 \
  -AEEDATA=00h-0FFh/02100h -peeprom_data=EEDATA -DEEDATA=2 -DCODE=2 \
  -DSTRCODE=2 -DSTRING=2 -DCONST=2 -DENTRY=2 \
  -preset_vec=00h,intentry,init,end_init -ppowerup=CODE -pcinit=CODE \
  -pfunctab=ENTRY -k C:\Users\WROST^~1\AppData\Local\Temp\xcAsgvg.o \
  dist/default/production\A22-Number_Marquee_Rotation_Control.X.production.o 

Object code version is 3.11

Machine type is 16F877A



                Name                               Link     Load   Length Selector   Space Scale
C:\Users\WROST^~1\AppData\Local\Temp\xcAsgvg.o
                end_init                              0        0        3        0       0
                config                             2007     2007        1        0       4
dist/default/production\A22-Number_Marquee_Rotation_Control.X.production.o
                cinit                               7E0      7E0       20      FC0       0
                config                             2007     2007        1        0       4
                text10                              493      493       36      926       0
                text9                               464      464       2F      8C8       0
                text8                               3E9      3E9       11      7D2       0
                text7                               4C9      4C9       63      992       0
                text6                               3C3      3C3        B      786       0
                text5                               3D9      3D9       10      7B2       0
                text4                               3CE      3CE        B      79C       0
                text3                               52C      52C       AC      A58       0
                text2                               441      441       23      882       0
                text1                               422      422       1F      844       0
                maintext                            5D8      5D8      208      BB0       0
                cstackBANK0                          20       20       1B       20       1
                cstackCOMMON                         70       70        B       70       1
                inittext                            3FA      3FA       13      7F4       0
                dataBANK0                            3B       3B       15       20       1
                bssBANK0                             50       50        8       20       1
                dataCOMMON                           7B       7B        1       70       1
                strings                               3        3       57        6       0
                idataBANK0                          40D      40D       15      81A       0
                idataCOMMON                         3C2      3C2        1      784       0

TOTAL           Name                               Link     Load   Length     Space
        CLASS   CODE           
                end_init                              0        0        3         0
                cinit                               7E0      7E0       20         0
                text10                              493      493       36         0
                text9                               464      464       2F         0
                text8                               3E9      3E9       11         0
                text7                               4C9      4C9       63         0
                text6                               3C3      3C3        B         0
                text5                               3D9      3D9       10         0
                text4                               3CE      3CE        B         0
                text3                               52C      52C       AC         0
                text2                               441      441       23         0
                text1                               422      422       1F         0
                maintext                            5D8      5D8      208         0
                inittext                            3FA      3FA       13         0
                idataBANK0                          40D      40D       15         0
                idataCOMMON                         3C2      3C2        1         0

        CLASS   STRCODE        

        CLASS   STRING         
                strings                               3        3       57         0

        CLASS   CONST          

        CLASS   ENTRY          

        CLASS   COMMON         
                cstackCOMMON                         70       70        B         1
                dataCOMMON                           7B       7B        1         1

        CLASS   BANK0          
                cstackBANK0                          20       20       1B         1
                dataBANK0                            3B       3B       15         1
                bssBANK0                             50       50        8         1

        CLASS   BANK1          

        CLASS   BANK2          

        CLASS   BANK3          

        CLASS   RAM            

        CLASS   ABS1           
                abs_s1                               7E       7E        2         1

        CLASS   SFR0           

        CLASS   SFR1           

        CLASS   SFR2           

        CLASS   SFR3           

        CLASS   CONFIG         
                config                             2007     2007        1         4

        CLASS   IDLOC          

        CLASS   EEDATA         

        CLASS   STACK          



SEGMENTS        Name                           Load    Length   Top    Selector   Space  Class     Delta

                reset_vec                      000000  000003  000003         0       0  CODE        2
                strings                        000003  000057  00005A         6       0  STRING      2
                cstackBANK0                    000020  000038  000058        20       1  BANK0       1
                cstackCOMMON                   000070  00000C  00007C        70       1  COMMON      1
                idataCOMMON                    0003C2  000001  0003C3       784       0  CODE        2
                text6                          0003C3  00000B  0003CE       786       0  CODE        2
                text4                          0003CE  00000B  0003D9       79C       0  CODE        2
                text5                          0003D9  000010  0003E9       7B2       0  CODE        2
                text8                          0003E9  000011  0003FA       7D2       0  CODE        2
                inittext                       0003FA  000013  00040D       7F4       0  CODE        2
                idataBANK0                     00040D  000015  000422       81A       0  CODE        2
                text1                          000422  00001F  000441       844       0  CODE        2
                text2                          000441  000023  000464       882       0  CODE        2
                text9                          000464  00002F  000493       8C8       0  CODE        2
                text10                         000493  000036  0004C9       926       0  CODE        2
                text7                          0004C9  000063  00052C       992       0  CODE        2
                text3                          00052C  0000AC  0005D8       A58       0  CODE        2
                maintext                       0005D8  000208  0007E0       BB0       0  CODE        2
                cinit                          0007E0  000020  000800       FC0       0  CODE        2


UNUSED ADDRESS RANGES

        Name                Unused          Largest block    Delta
        BANK0            0058-006F             18           1
        BANK1            00A0-00EF             50           1
        BANK2            0110-016F             60           1
        BANK3            0190-01EF             60           1
        CODE             005A-03C1            368           2
                         0800-1FFF            800
        COMMON           007C-007D              2           1
        CONST            005A-03C1            100           2
                         0800-1FFF            100
        EEDATA           2100-21FF            100           2
        ENTRY            005A-03C1            100           2
                         0800-1FFF            100
        IDLOC            2000-2003              4           2
        RAM              0058-006F             18           1
                         00A0-00EF             50
                         0110-016F             60
                         0190-01EF             60
        SFR0             0000-001F             20           1
        SFR1             0080-009F             20           1
        SFR2             0100-010F             10           1
        SFR3             0180-018F             10           1
        STRCODE          005A-03C1            368           2
                         0800-1FFF           1800
        STRING           005A-03C1            100           2
                         0800-1FFF            100

                                  Symbol Table

_PORTD                           (abs)        0008
_RB0                             (abs)        0030
_RB1                             (abs)        0031
_RB2                             (abs)        0032
_RD0                             (abs)        0040
_RD1                             (abs)        0041
_RD2                             (abs)        0042
_RD3                             (abs)        0043
_RE1                             (abs)        0049
_RE2                             (abs)        004A
_TRISB                           (abs)        0086
_TRISD                           (abs)        0088
_TRISE1                          (abs)        0449
_TRISE2                          (abs)        044A
__Habs1                          abs1         0000
__Hbank0                         bank0        0000
__Hbank1                         bank1        0000
__Hbank2                         bank2        0000
__Hbank3                         bank3        0000
__HbssBANK0                      bssBANK0     0000
__Hcinit                         cinit        0800
__Hclrtext                       clrtext      0000
__Hcode                          code         0000
__Hcommon                        common       0000
__Hconfig                        config       2008
__HcstackBANK0                   cstackBANK0  0000
__HcstackCOMMON                  cstackCOMMON 0000
__HdataBANK0                     dataBANK0    0000
__HdataCOMMON                    dataCOMMON   0000
__Heeprom_data                   eeprom_data  0000
__Hend_init                      end_init     0003
__Hfunctab                       functab      0000
__HidataBANK0                    idataBANK0   0000
__HidataCOMMON                   idataCOMMON  0000
__Hinit                          init         0000
__Hinittext                      inittext     0000
__Hintentry                      intentry     0000
__Hmaintext                      maintext     0000
__Hpowerup                       powerup      0000
__Hram                           ram          0000
__Hreset_vec                     reset_vec    0000
__Hsfr0                          sfr0         0000
__Hsfr1                          sfr1         0000
__Hsfr2                          sfr2         0000
__Hsfr3                          sfr3         0000
__Hspace_0                       (abs)        0800
__Hspace_1                       (abs)        007C
__Hspace_2                       (abs)        0000
__Hspace_3                       (abs)        0000
__Hspace_4                       (abs)        400F
__Hstack                         stack        0000
__Hstrings                       strings      0000
__Htext                          text         0000
__Labs1                          abs1         0000
__Lbank0                         bank0        0000
__Lbank1                         bank1        0000
__Lbank2                         bank2        0000
__Lbank3                         bank3        0000
__LbssBANK0                      bssBANK0     0000
__Lcinit                         cinit        07E0
__Lclrtext                       clrtext      0000
__Lcode                          code         0000
__Lcommon                        common       0000
__Lconfig                        config       0000
__LcstackBANK0                   cstackBANK0  0000
__LcstackCOMMON                  cstackCOMMON 0000
__LdataBANK0                     dataBANK0    0000
__LdataCOMMON                    dataCOMMON   0000
__Leeprom_data                   eeprom_data  0000
__Lend_init                      end_init     0000
__Lfunctab                       functab      0000
__LidataBANK0                    idataBANK0   0000
__LidataCOMMON                   idataCOMMON  0000
__Linit                          init         0000
__Linittext                      inittext     0000
__Lintentry                      intentry     0000
__Lmaintext                      maintext     0000
__Lpowerup                       powerup      0000
__Lram                           ram          0000
__Lreset_vec                     reset_vec    0000
__Lsfr0                          sfr0         0000
__Lsfr1                          sfr1         0000
__Lsfr2                          sfr2         0000
__Lsfr3                          sfr3         0000
__Lspace_0                       (abs)        0000
__Lspace_1                       (abs)        0000
__Lspace_2                       (abs)        0000
__Lspace_3                       (abs)        0000
__Lspace_4                       (abs)        0000
__Lstack                         stack        0000
__Lstrings                       strings      0000
__Ltext                          text         0000
__S0                             (abs)        0800
__S1                             (abs)        007C
__S3                             (abs)        0000
___int_sp                        stack        0000
___latbits                       (abs)        0002
___sp                            stack        0000
___stackhi                       (abs)        0000
___stacklo                       (abs)        0000
__end_of__initialization         cinit        07FC
__end_of__stringtab              strings      0013
__end_of_clcd_print              text9        0493
__end_of_clcd_putch              text8        03FA
__end_of_clcd_write              text10       04C9
__end_of_init_clcd               text6        03CE
__end_of_init_config             text4        03D9
__end_of_init_display_controller text7        052C
__end_of_init_matrix_keypad      text5        03E9
__end_of_main                    maintext     07E0
__end_of_read_matrix_keypad      text2        0464
__end_of_scan_keypad             text3        05D8
__end_of_strcpy                  text1        0441
__initialization                 cinit        07E0
__pbssBANK0                      bssBANK0     0050
__pcstackBANK0                   cstackBANK0  0020
__pcstackCOMMON                  cstackCOMMON 0070
__pdataBANK0                     dataBANK0    003B
__pdataCOMMON                    dataCOMMON   007B
__pidataBANK0                    idataBANK0   040D
__pidataCOMMON                   idataCOMMON  03C2
__pmaintext                      maintext     05D8
__pstrings                       strings      0003
__ptext1                         text1        0422
__ptext10                        text10       0493
__ptext2                         text2        0441
__ptext3                         text3        052C
__ptext4                         text4        03CE
__ptext5                         text5        03D9
__ptext6                         text6        03C3
__ptext7                         text7        04C9
__ptext8                         text8        03E9
__ptext9                         text9        0464
__stringbase                     strings      0012
__stringtab                      strings      0003
_clcd_print                      text9        0464
_clcd_putch                      text8        03E9
_clcd_write                      text10       0493
_init_clcd                       text6        03C3
_init_config                     text4        03CE
_init_display_controller         text7        04C9
_init_matrix_keypad              text5        03D9
_main                            maintext     05D8
_nRBPU                           (abs)        040F
_read_matrix_keypad              text2        0441
_scan_keypad                     text3        052C
_strcpy                          text1        0422
btemp                            (abs)        007E
clcd_print@addr                  cstackCOMMON 0076
clcd_print@str                   cstackCOMMON 0074
clcd_putch@addr                  cstackCOMMON 0074
clcd_putch@data                  cstackCOMMON 0075
clcd_write@byte                  cstackCOMMON 0073
clcd_write@mode                  cstackCOMMON 0070
end_of_initialization            cinit        07FC
init_fetch0                      inittext     03FA
init_ram0                        inittext     03FE
intlevel0                        functab      0000
intlevel1                        functab      0000
intlevel2                        functab      0000
intlevel3                        functab      0000
intlevel4                        functab      0000
intlevel5                        functab      0000
main@F950                        dataBANK0    003B
main@edit_flag                   dataBANK0    004E
main@i_91                        cstackBANK0  0036
main@i_94                        cstackBANK0  0038
main@j                           cstackBANK0  0020
main@j_95                        cstackBANK0  0022
main@key                         cstackBANK0  003A
main@left_flag                   dataBANK0    004C
main@message                     cstackBANK0  0024
main@pos                         bssBANK0     0052
main@right_flag                  bssBANK0     0056
main@scrol_flag                  bssBANK0     0054
main@temp                        cstackBANK0  0035
main@wait                        bssBANK0     0050
read_matrix_keypad@key           cstackCOMMON 0073
read_matrix_keypad@mode          cstackCOMMON 0072
read_matrix_keypad@once          dataCOMMON   007B
reset_vec                        reset_vec    0000
scan_keypad@i                    cstackCOMMON 0070
start                            init         0000
start_initialization             cinit        07E0
strcpy@cp                        cstackCOMMON 0073
strcpy@from                      cstackCOMMON 0070
strcpy@to                        cstackCOMMON 0072
wtemp0                           (abs)        007E


MODULE INFORMATION

Module		Function		Class		Link	Load	Size
C:\Program Files\Microchip\xc8\v2.40\pic\sources\c90\common\strcpy.c
		_strcpy        		CODE           	0422	0000	31

C:\Program Files\Microchip\xc8\v2.40\pic\sources\c90\common\strcpy.c estimated size: 31

matrix_keypad.c
		_init_matrix_keypad		CODE           	03D9	0000	16
		_read_matrix_keypad		CODE           	0441	0000	35
		_scan_keypad   		CODE           	052C	0000	172

matrix_keypad.c estimated size: 223

shared
		__stringtab    		STRING         	0003	0000	16
		__initialization		CODE           	07E0	0000	28

shared estimated size: 44

clcd.c
		_clcd_write    		CODE           	0493	0000	54
		_clcd_print    		CODE           	0464	0000	47
		_clcd_putch    		CODE           	03E9	0000	17
		_init_display_controller		CODE           	04C9	0000	99
		_init_clcd     		CODE           	03C3	0000	11

clcd.c estimated size: 228

main.c
		_main          		CODE           	05D8	0000	520
		_init_config   		CODE           	03CE	0000	11

main.c estimated size: 531

