Microchip MPLAB XC8 Compiler V2.40

Linker command line:

-W-3 \
  --edf=C:\Program Files\Microchip\xc8\v2.40\pic\dat\20220703182018_en.msgs \
  -cn \
  -h+dist/default/production\A27-Counter_External_EEPROM.X.production.sym \
  --cmf=dist/default/production\A27-Counter_External_EEPROM.X.production.cmf \
  -z -Q16F877A -oC:\Users\WROST^~1\AppData\Local\Temp\xcAsa5g.4 \
  --defsym=__MPLAB_BUILD=1 --fixupoverflow=error \
  -Mdist/default/production/A27-Counter_External_EEPROM.X.production.map \
  --md=C:\Users\WROST^~1\AppData\Local\Temp\xcAsa5g.dat -E1 \
  -ver=XC8 Compiler --acfsm=1493 -ACODE=00h-07FFhx4 -ASTRCODE=00h-01FFFh \
  -ASTRING=00h-0FFhx32 -ACONST=00h-0FFhx32 -AENTRY=00h-0FFhx32 \
  -ACOMMON=070h-07Fh -ABANK0=020h-06Fh -ABANK1=0A0h-0EFh \
  -ABANK2=0110h-016Fh -ABANK3=0190h-01EFh \
  -ARAM=020h-06Fh,0A0h-0EFh,0110h-016Fh,0190h-01EFh \
  -AABS1=020h-07Fh,0A0h-0EFh,0110h-016Fh,0190h-01EFh -ASFR0=00h-01Fh \
  -ASFR1=080h-09Fh -ASFR2=0100h-010Fh -ASFR3=0180h-018Fh \
  -ACONFIG=02007h-02007h -DCONFIG=2 -AIDLOC=02000h-02003h -DIDLOC=2 \
  -AEEDATA=00h-0FFh/02100h -peeprom_data=EEDATA -DEEDATA=2 -DCODE=2 \
  -DSTRCODE=2 -DSTRING=2 -DCONST=2 -DENTRY=2 \
  -preset_vec=00h,intentry,init,end_init -ppowerup=CODE -pcinit=CODE \
  -pfunctab=ENTRY -k C:\Users\WROST^~1\AppData\Local\Temp\xcAsa5g.o \
  dist/default/production\A27-Counter_External_EEPROM.X.production.o 

Object code version is 3.11

Machine type is 16F877A



                Name                               Link     Load   Length Selector   Space Scale
C:\Users\WROST^~1\AppData\Local\Temp\xcAsa5g.o
                end_init                              0        0        3        0       0
                config                             2007     2007        1        0       4
dist/default/production\A27-Counter_External_EEPROM.X.production.o
                cinit                               7EE      7EE       12      FDC       0
                config                             2007     2007        1        0       4
                text18                              4C8      4C8       44      990       0
                text17                              48E      48E       3A      91C       0
                text16                              3B4      3B4       25      768       0
                text15                              50C      50C       56      A18       0
                text14                              310      310        6      620       0
                text13                              562      562       66      AC4       0
                text12                              45C      45C       32      8B8       0
                text11                              33E      33E        C      67C       0
                text10                              379      379       1A      6F2       0
                text9                               34A      34A        D      694       0
                text8                               393      393       21      726       0
                text7                               316      316        9      62C       0
                text6                               31F      31F        9      63E       0
                text5                               328      328        B      650       0
                text4                               333      333        B      666       0
                text3                               42C      42C       30      858       0
                text2                               402      402       2A      804       0
                text1                               3D9      3D9       29      7B2       0
                maintext                            5C8      5C8      226      B90       0
                cstackBANK0                          20       20       2C       20       1
                cstackCOMMON                         70       70        E       70       1
                inittext                            366      366       13      6CC       0
                dataBANK0                            4C       4C        F       20       1
                idataBANK0                          357      357        F      6AE       0

TOTAL           Name                               Link     Load   Length     Space
        CLASS   CODE           
                end_init                              0        0        3         0
                cinit                               7EE      7EE       12         0
                text18                              4C8      4C8       44         0
                text17                              48E      48E       3A         0
                text16                              3B4      3B4       25         0
                text15                              50C      50C       56         0
                text14                              310      310        6         0
                text13                              562      562       66         0
                text12                              45C      45C       32         0
                text11                              33E      33E        C         0
                text10                              379      379       1A         0
                text9                               34A      34A        D         0
                text8                               393      393       21         0
                text7                               316      316        9         0
                text6                               31F      31F        9         0
                text5                               328      328        B         0
                text4                               333      333        B         0
                text3                               42C      42C       30         0
                text2                               402      402       2A         0
                text1                               3D9      3D9       29         0
                maintext                            5C8      5C8      226         0
                inittext                            366      366       13         0
                idataBANK0                          357      357        F         0

        CLASS   STRCODE        

        CLASS   STRING         

        CLASS   CONST          

        CLASS   ENTRY          

        CLASS   COMMON         
                cstackCOMMON                         70       70        E         1

        CLASS   BANK0          
                cstackBANK0                          20       20       2C         1
                dataBANK0                            4C       4C        F         1

        CLASS   BANK1          

        CLASS   BANK2          

        CLASS   BANK3          

        CLASS   RAM            

        CLASS   ABS1           
                abs_s1                               7E       7E        2         1

        CLASS   SFR0           

        CLASS   SFR1           

        CLASS   SFR2           

        CLASS   SFR3           

        CLASS   CONFIG         
                config                             2007     2007        1         4

        CLASS   IDLOC          

        CLASS   EEDATA         

        CLASS   STACK          



SEGMENTS        Name                           Load    Length   Top    Selector   Space  Class     Delta

                reset_vec                      000000  000003  000003         0       0  CODE        2
                cstackBANK0                    000020  00003B  00005B        20       1  BANK0       1
                cstackCOMMON                   000070  00000E  00007E        70       1  COMMON      1
                text14                         000310  000006  000316       620       0  CODE        2
                text7                          000316  000009  00031F       62C       0  CODE        2
                text6                          00031F  000009  000328       63E       0  CODE        2
                text5                          000328  00000B  000333       650       0  CODE        2
                text4                          000333  00000B  00033E       666       0  CODE        2
                text11                         00033E  00000C  00034A       67C       0  CODE        2
                text9                          00034A  00000D  000357       694       0  CODE        2
                idataBANK0                     000357  00000F  000366       6AE       0  CODE        2
                inittext                       000366  000013  000379       6CC       0  CODE        2
                text10                         000379  00001A  000393       6F2       0  CODE        2
                text8                          000393  000021  0003B4       726       0  CODE        2
                text16                         0003B4  000025  0003D9       768       0  CODE        2
                text1                          0003D9  000029  000402       7B2       0  CODE        2
                text2                          000402  00002A  00042C       804       0  CODE        2
                text3                          00042C  000030  00045C       858       0  CODE        2
                text12                         00045C  000032  00048E       8B8       0  CODE        2
                text17                         00048E  00003A  0004C8       91C       0  CODE        2
                text18                         0004C8  000044  00050C       990       0  CODE        2
                text15                         00050C  000056  000562       A18       0  CODE        2
                text13                         000562  000066  0005C8       AC4       0  CODE        2
                maintext                       0005C8  000226  0007EE       B90       0  CODE        2
                cinit                          0007EE  000012  000800       FDC       0  CODE        2


UNUSED ADDRESS RANGES

        Name                Unused          Largest block    Delta
        BANK0            005B-006F             15           1
        BANK1            00A0-00EF             50           1
        BANK2            0110-016F             60           1
        BANK3            0190-01EF             60           1
        CODE             0003-030F            30D           2
                         0800-1FFF            800
        CONST            0003-030F            100           2
                         0800-1FFF            100
        EEDATA           2100-21FF            100           2
        ENTRY            0003-030F            100           2
                         0800-1FFF            100
        IDLOC            2000-2003              4           2
        RAM              005B-006F             15           1
                         00A0-00EF             50
                         0110-016F             60
                         0190-01EF             60
        SFR0             0000-001F             20           1
        SFR1             0080-009F             20           1
        SFR2             0100-010F             10           1
        SFR3             0180-018F             10           1
        STRCODE          0003-030F            30D           2
                         0800-1FFF           1800
        STRING           0003-030F            100           2
                         0800-1FFF            100

                                  Symbol Table

?___lldiv                    cstackCOMMON 0070
?___lwdiv                    cstackCOMMON 0070
?___lwmod                    cstackCOMMON 0078
?___wmul                     cstackCOMMON 0074
_ACKDT                       (abs)        048D
_ACKEN                       (abs)        048C
_ACKSTAT                     (abs)        048E
_PEN                         (abs)        048A
_PORTA                       (abs)        0005
_PORTB                       (abs)        0006
_PORTD                       (abs)        0008
_RCEN                        (abs)        048B
_R_nW                        (abs)        04A2
_SEN                         (abs)        0488
_SSPADD                      (abs)        0093
_SSPBUF                      (abs)        0013
_SSPCON2                     (abs)        0091
_SSPEN                       (abs)        00A5
_SSPM3                       (abs)        00A3
_TRISA                       (abs)        0085
_TRISB                       (abs)        0086
_TRISD                       (abs)        0088
__Habs1                      abs1         0000
__Hbank0                     bank0        0000
__Hbank1                     bank1        0000
__Hbank2                     bank2        0000
__Hbank3                     bank3        0000
__Hcinit                     cinit        0800
__Hclrtext                   clrtext      0000
__Hcode                      code         0000
__Hcommon                    common       0000
__Hconfig                    config       2008
__HcstackBANK0               cstackBANK0  0000
__HcstackCOMMON              cstackCOMMON 0000
__HdataBANK0                 dataBANK0    0000
__Heeprom_data               eeprom_data  0000
__Hend_init                  end_init     0003
__Hfunctab                   functab      0000
__HidataBANK0                idataBANK0   0000
__Hinit                      init         0000
__Hinittext                  inittext     0000
__Hintentry                  intentry     0000
__Hmaintext                  maintext     0000
__Hpowerup                   powerup      0000
__Hram                       ram          0000
__Hreset_vec                 reset_vec    0000
__Hsfr0                      sfr0         0000
__Hsfr1                      sfr1         0000
__Hsfr2                      sfr2         0000
__Hsfr3                      sfr3         0000
__Hspace_0                   (abs)        0800
__Hspace_1                   (abs)        007E
__Hspace_2                   (abs)        0000
__Hspace_3                   (abs)        0000
__Hspace_4                   (abs)        400F
__Hstack                     stack        0000
__Hstrings                   strings      0000
__Htext                      text         0000
__Labs1                      abs1         0000
__Lbank0                     bank0        0000
__Lbank1                     bank1        0000
__Lbank2                     bank2        0000
__Lbank3                     bank3        0000
__Lcinit                     cinit        07EE
__Lclrtext                   clrtext      0000
__Lcode                      code         0000
__Lcommon                    common       0000
__Lconfig                    config       0000
__LcstackBANK0               cstackBANK0  0000
__LcstackCOMMON              cstackCOMMON 0000
__LdataBANK0                 dataBANK0    0000
__Leeprom_data               eeprom_data  0000
__Lend_init                  end_init     0000
__Lfunctab                   functab      0000
__LidataBANK0                idataBANK0   0000
__Linit                      init         0000
__Linittext                  inittext     0000
__Lintentry                  intentry     0000
__Lmaintext                  maintext     0000
__Lpowerup                   powerup      0000
__Lram                       ram          0000
__Lreset_vec                 reset_vec    0000
__Lsfr0                      sfr0         0000
__Lsfr1                      sfr1         0000
__Lsfr2                      sfr2         0000
__Lsfr3                      sfr3         0000
__Lspace_0                   (abs)        0000
__Lspace_1                   (abs)        0000
__Lspace_2                   (abs)        0000
__Lspace_3                   (abs)        0000
__Lspace_4                   (abs)        0000
__Lstack                     stack        0000
__Lstrings                   strings      0000
__Ltext                      text         0000
__S0                         (abs)        0800
__S1                         (abs)        007E
__S3                         (abs)        0000
___int_sp                    stack        0000
___latbits                   (abs)        0002
___lldiv                     text13       0562
___lldiv@counter             cstackCOMMON 007D
___lldiv@dividend            cstackCOMMON 0074
___lldiv@divisor             cstackCOMMON 0070
___lldiv@quotient            cstackCOMMON 0079
___lwdiv                     text18       04C8
___lwdiv@counter             cstackCOMMON 0077
___lwdiv@dividend            cstackCOMMON 0072
___lwdiv@divisor             cstackCOMMON 0070
___lwdiv@quotient            cstackCOMMON 0075
___lwmod                     text17       048E
___lwmod@counter             cstackCOMMON 007D
___lwmod@dividend            cstackCOMMON 007A
___lwmod@divisor             cstackCOMMON 0078
___sp                        stack        0000
___stackhi                   (abs)        0000
___stacklo                   (abs)        0000
___wmul                      text16       03B4
___wmul@multiplicand         cstackCOMMON 0076
___wmul@multiplier           cstackCOMMON 0074
___wmul@product              cstackCOMMON 0078
__end_of___lldiv             text13       05C8
__end_of___lwdiv             text18       050C
__end_of___lwmod             text17       04C8
__end_of___wmul              text16       03D9
__end_of__initialization     cinit        07FC
__end_of_display             text15       0562
__end_of_i2c_read            text8        03B4
__end_of_i2c_rep_start       text5        0333
__end_of_i2c_start           text7        031F
__end_of_i2c_stop            text6        0328
__end_of_i2c_wait_for_idle   text9        0357
__end_of_i2c_write           text4        033E
__end_of_init_config         text10       0393
__end_of_init_digital_keypad text14       0316
__end_of_init_i2c            text12       048E
__end_of_init_ssd            text11       034A
__end_of_main                maintext     07EE
__end_of_read_24c04          text3        045C
__end_of_read_digital_keypad text2        042C
__end_of_write_24c04         text1        0402
__initialization             cinit        07EE
__pcstackBANK0               cstackBANK0  0020
__pcstackCOMMON              cstackCOMMON 0070
__pdataBANK0                 dataBANK0    004C
__pidataBANK0                idataBANK0   0357
__pmaintext                  maintext     05C8
__ptext1                     text1        03D9
__ptext10                    text10       0379
__ptext11                    text11       033E
__ptext12                    text12       045C
__ptext13                    text13       0562
__ptext14                    text14       0310
__ptext15                    text15       050C
__ptext16                    text16       03B4
__ptext17                    text17       048E
__ptext18                    text18       04C8
__ptext2                     text2        0402
__ptext3                     text3        042C
__ptext4                     text4        0333
__ptext5                     text5        0328
__ptext6                     text6        031F
__ptext7                     text7        0316
__ptext8                     text8        0393
__ptext9                     text9        034A
_display                     text15       050C
_i2c_read                    text8        0393
_i2c_rep_start               text5        0328
_i2c_start                   text7        0316
_i2c_stop                    text6        031F
_i2c_wait_for_idle           text9        034A
_i2c_write                   text4        0333
_init_config                 text10       0379
_init_digital_keypad         text14       0310
_init_i2c                    text12       045C
_init_ssd                    text11       033E
_main                        maintext     05C8
_read_24c04                  text3        042C
_read_digital_keypad         text2        0402
_write_24c04                 text1        03D9
btemp                        (abs)        007E
display@data                 cstackCOMMON 0078
display@digit                cstackCOMMON 0079
display@wait                 cstackCOMMON 0074
end_of_initialization        cinit        07FC
i2c_read@ack                 cstackCOMMON 0070
i2c_read@data                cstackCOMMON 0071
i2c_write@data               cstackCOMMON 0070
init_fetch0                  inittext     0366
init_i2c@baud                cstackBANK0  0020
init_ram0                    inittext     036A
intlevel0                    functab      0000
intlevel1                    functab      0000
intlevel2                    functab      0000
intlevel3                    functab      0000
intlevel4                    functab      0000
intlevel5                    functab      0000
main@F873                    dataBANK0    0056
main@F875                    dataBANK0    004C
main@count                   cstackBANK0  004A
main@count2                  cstackBANK0  003E
main@digit                   cstackBANK0  0034
main@i                       cstackBANK0  0040
main@key                     cstackBANK0  0049
main@key2                    cstackBANK0  0048
main@ssd                     cstackBANK0  0042
main@wait                    cstackBANK0  0046
read_24c04@addr              cstackCOMMON 0072
read_24c04@data              cstackCOMMON 0073
read_digital_keypad@mode     cstackCOMMON 0071
read_digital_keypad@once     dataBANK0    005A
reset_vec                    reset_vec    0000
start                        init         0000
start_initialization         cinit        07EE
write_24c04@addr             cstackBANK0  0021
write_24c04@data             cstackBANK0  0020
wtemp0                       (abs)        007E


MODULE INFORMATION

Module		Function		Class		Link	Load	Size
ssd.c
		_init_ssd      		CODE           	033E	0000	12
		_display       		CODE           	050C	0000	86

ssd.c estimated size: 98

digital_keypad.c
		_init_digital_keypad		CODE           	0310	0000	6
		_read_digital_keypad		CODE           	0402	0000	42

digital_keypad.c estimated size: 48

24c04.c
		_read_24c04    		CODE           	042C	0000	48
		_write_24c04   		CODE           	03D9	0000	41

24c04.c estimated size: 89

i2c.c
		_i2c_start     		CODE           	0316	0000	9
		_i2c_rep_start 		CODE           	0328	0000	11
		_i2c_write     		CODE           	0333	0000	11
		_i2c_stop      		CODE           	031F	0000	9
		_i2c_read      		CODE           	0393	0000	33
		_init_i2c      		CODE           	045C	0000	50
		_i2c_wait_for_idle		CODE           	034A	0000	13

i2c.c estimated size: 136

C:\Program Files\Microchip\xc8\v2.40\pic\sources\c90\common\__lldiv.c
		___lldiv       		CODE           	0562	0000	102

C:\Program Files\Microchip\xc8\v2.40\pic\sources\c90\common\__lldiv.c estimated size: 102

C:\Program Files\Microchip\xc8\v2.40\pic\sources\c90\common\Umul16.c
		___wmul        		CODE           	03B4	0000	37

C:\Program Files\Microchip\xc8\v2.40\pic\sources\c90\common\Umul16.c estimated size: 37

C:\Program Files\Microchip\xc8\v2.40\pic\sources\c90\common\lwmod.c
		___lwmod       		CODE           	048E	0000	58

C:\Program Files\Microchip\xc8\v2.40\pic\sources\c90\common\lwmod.c estimated size: 58

shared
		__initialization		CODE           	07EE	0000	14

shared estimated size: 14

main.c
		_main          		CODE           	05C8	0000	550
		_init_config   		CODE           	0379	0000	26

main.c estimated size: 576

C:\Program Files\Microchip\xc8\v2.40\pic\sources\c90\common\lwdiv.c
		___lwdiv       		CODE           	04C8	0000	68

C:\Program Files\Microchip\xc8\v2.40\pic\sources\c90\common\lwdiv.c estimated size: 68

