Microchip MPLAB XC8 Compiler V2.40

Linker command line:

-W-3 \
  --edf=C:\Program Files\Microchip\xc8\v2.40\pic\dat\20220703182018_en.msgs \
  -cn -h+dist/default/production\A12-Timer_Down_Count.X.production.sym \
  --cmf=dist/default/production\A12-Timer_Down_Count.X.production.cmf -z \
  -Q16F877A -oC:\Users\WROST^~1\AppData\Local\Temp\xcAs384.4 \
  --defsym=__MPLAB_BUILD=1 --fixupoverflow=error \
  -Mdist/default/production/A12-Timer_Down_Count.X.production.map \
  --md=C:\Users\WROST^~1\AppData\Local\Temp\xcAs384.dat -E1 \
  -ver=XC8 Compiler --acfsm=1493 -ACODE=00h-07FFhx4 -ASTRCODE=00h-01FFFh \
  -ASTRING=00h-0FFhx32 -ACONST=00h-0FFhx32 -AENTRY=00h-0FFhx32 \
  -ACOMMON=070h-07Fh -ABANK0=020h-06Fh -ABANK1=0A0h-0EFh \
  -ABANK2=0110h-016Fh -ABANK3=0190h-01EFh \
  -ARAM=020h-06Fh,0A0h-0EFh,0110h-016Fh,0190h-01EFh \
  -AABS1=020h-07Fh,0A0h-0EFh,0110h-016Fh,0190h-01EFh -ASFR0=00h-01Fh \
  -ASFR1=080h-09Fh -ASFR2=0100h-010Fh -ASFR3=0180h-018Fh \
  -ACONFIG=02007h-02007h -DCONFIG=2 -AIDLOC=02000h-02003h -DIDLOC=2 \
  -AEEDATA=00h-0FFh/02100h -peeprom_data=EEDATA -DEEDATA=2 -DCODE=2 \
  -DSTRCODE=2 -DSTRING=2 -DCONST=2 -DENTRY=2 \
  -preset_vec=00h,intentry=04h,init,end_init -ppowerup=CODE -pcinit=CODE \
  -pfunctab=ENTRY -k C:\Users\WROST^~1\AppData\Local\Temp\xcAs384.o \
  dist/default/production\A12-Timer_Down_Count.X.production.o 

Object code version is 3.11

Machine type is 16F877A



                Name                               Link     Load   Length Selector   Space Scale
C:\Users\WROST^~1\AppData\Local\Temp\xcAs384.o
                end_init                              C        C        3        8       0
                reset_vec                             0        0        3        0       0
                config                             2007     2007        1        0       4
dist/default/production\A12-Timer_Down_Count.X.production.o
                cinit                                 F        F       24        8       0
                intentry                              4        4        8        8       0
                config                             2007     2007        1        0       4
                text10                              287      287       7C        8       0
                text9                               303      303       69        8       0
                text8                               36C      36C       5B        8       0
                text7                               434      434       36        8       0
                text6                               3FE      3FE       36        8       0
                text5                               3C7      3C7       37        8       0
                text4                               4A5      4A5        C        8       0
                text3                               4B1      4B1        B        8       0
                text2                               4C6      4C6        A        8       0
                text1                               46A      46A       28        8       0
                maintext                             33       33      254        8       0
                cstackBANK0                          34       34       13       20       1
                cstackCOMMON                         70       70        5       70       1
                clrtext                             4D0      4D0        8        8       0
                inittext                            492      492       13        8       0
                dataBANK0                            47       47        A       20       1
                bssBANK0                             20       20       14       20       1
                dataCOMMON                           79       79        1       70       1
                bssCOMMON                            75       75        4       70       1
                idataBANK0                          4BC      4BC        A        8       0
                idataCOMMON                         4D8      4D8        1        8       0

TOTAL           Name                               Link     Load   Length     Space
        CLASS   CODE           
                end_init                              C        C        3         0
                cinit                                 F        F       24         0
                intentry                              4        4        8         0
                reset_vec                             0        0        3         0
                text10                              287      287       7C         0
                text9                               303      303       69         0
                text8                               36C      36C       5B         0
                text7                               434      434       36         0
                text6                               3FE      3FE       36         0
                text5                               3C7      3C7       37         0
                text4                               4A5      4A5        C         0
                text3                               4B1      4B1        B         0
                text2                               4C6      4C6        A         0
                text1                               46A      46A       28         0
                maintext                             33       33      254         0
                clrtext                             4D0      4D0        8         0
                inittext                            492      492       13         0
                idataBANK0                          4BC      4BC        A         0
                idataCOMMON                         4D8      4D8        1         0

        CLASS   STRCODE        

        CLASS   STRING         

        CLASS   CONST          

        CLASS   ENTRY          

        CLASS   COMMON         
                cstackCOMMON                         70       70        5         1
                dataCOMMON                           79       79        1         1
                bssCOMMON                            75       75        4         1

        CLASS   BANK0          
                cstackBANK0                          34       34       13         1
                dataBANK0                            47       47        A         1
                bssBANK0                             20       20       14         1

        CLASS   BANK1          

        CLASS   BANK2          

        CLASS   BANK3          

        CLASS   RAM            

        CLASS   ABS1           
                abs_s1                               7E       7E        2         1

        CLASS   SFR0           

        CLASS   SFR1           

        CLASS   SFR2           

        CLASS   SFR3           

        CLASS   CONFIG         
                config                             2007     2007        1         4

        CLASS   IDLOC          

        CLASS   EEDATA         

        CLASS   STACK          



SEGMENTS        Name                           Load    Length   Top    Selector   Space  Class     Delta

                reset_vec                      000000  000003  000003         0       0  CODE        2
                intentry                       000004  0004D5  0004D9         8       0  CODE        2
                bssBANK0                       000020  000031  000051        20       1  BANK0       1
                cstackCOMMON                   000070  00000A  00007A        70       1  COMMON      1


UNUSED ADDRESS RANGES

        Name                Unused          Largest block    Delta
        BANK0            0051-006F             1F           1
        BANK1            00A0-00EF             50           1
        BANK2            0110-016F             60           1
        BANK3            0190-01EF             60           1
        CODE             0003-0003              1           2
                         04D9-1FFF            800
        COMMON           007A-007D              4           1
        CONST            0003-0003              1           2
                         04D9-1FFF            100
        EEDATA           2100-21FF            100           2
        ENTRY            0003-0003              1           2
                         04D9-1FFF            100
        IDLOC            2000-2003              4           2
        RAM              0051-006F             1F           1
                         00A0-00EF             50
                         0110-016F             60
                         0190-01EF             60
        SFR0             0000-001F             20           1
        SFR1             0080-009F             20           1
        SFR2             0100-010F             10           1
        SFR3             0180-018F             10           1
        STRCODE          0003-0003              1           2
                         04D9-1FFF           1B27
        STRING           0003-0003              1           2
                         04D9-1FFF            100

                                  Symbol Table

?___awdiv                    cstackBANK0  0034
?___awmod                    cstackBANK0  0034
_GIE                         (abs)        005F
_PEIE                        (abs)        005E
_PORTA                       (abs)        0005
_PORTB                       (abs)        0006
_PORTD                       (abs)        0008
_PR2                         (abs)        0092
_T2CKPS0                     (abs)        0090
_T2CKPS1                     (abs)        0091
_TMR2IE                      (abs)        0461
_TMR2IF                      (abs)        0061
_TMR2ON                      (abs)        0092
_TRISA                       (abs)        0085
_TRISB                       (abs)        0086
_TRISD                       (abs)        0088
__Habs1                      abs1         0000
__Hbank0                     bank0        0000
__Hbank1                     bank1        0000
__Hbank2                     bank2        0000
__Hbank3                     bank3        0000
__HbssBANK0                  bssBANK0     0000
__HbssCOMMON                 bssCOMMON    0000
__Hcinit                     cinit        0033
__Hclrtext                   clrtext      0000
__Hcode                      code         0000
__Hcommon                    common       0000
__Hconfig                    config       2008
__HcstackBANK0               cstackBANK0  0000
__HcstackCOMMON              cstackCOMMON 0000
__HdataBANK0                 dataBANK0    0000
__HdataCOMMON                dataCOMMON   0000
__Heeprom_data               eeprom_data  0000
__Hend_init                  end_init     000F
__Hfunctab                   functab      0000
__HidataBANK0                idataBANK0   0000
__HidataCOMMON               idataCOMMON  0000
__Hinit                      init         000C
__Hinittext                  inittext     0000
__Hintentry                  intentry     000C
__Hmaintext                  maintext     0000
__Hpowerup                   powerup      0000
__Hram                       ram          0000
__Hreset_vec                 reset_vec    0003
__Hsfr0                      sfr0         0000
__Hsfr1                      sfr1         0000
__Hsfr2                      sfr2         0000
__Hsfr3                      sfr3         0000
__Hspace_0                   (abs)        04D9
__Hspace_1                   (abs)        007A
__Hspace_2                   (abs)        0000
__Hspace_3                   (abs)        0000
__Hspace_4                   (abs)        400F
__Hstack                     stack        0000
__Hstrings                   strings      0000
__Htext                      text         0000
__Labs1                      abs1         0000
__Lbank0                     bank0        0000
__Lbank1                     bank1        0000
__Lbank2                     bank2        0000
__Lbank3                     bank3        0000
__LbssBANK0                  bssBANK0     0000
__LbssCOMMON                 bssCOMMON    0000
__Lcinit                     cinit        000F
__Lclrtext                   clrtext      0000
__Lcode                      code         0000
__Lcommon                    common       0000
__Lconfig                    config       0000
__LcstackBANK0               cstackBANK0  0000
__LcstackCOMMON              cstackCOMMON 0000
__LdataBANK0                 dataBANK0    0000
__LdataCOMMON                dataCOMMON   0000
__Leeprom_data               eeprom_data  0000
__Lend_init                  end_init     000C
__Lfunctab                   functab      0000
__LidataBANK0                idataBANK0   0000
__LidataCOMMON               idataCOMMON  0000
__Linit                      init         000C
__Linittext                  inittext     0000
__Lintentry                  intentry     0004
__Lmaintext                  maintext     0000
__Lpowerup                   powerup      0000
__Lram                       ram          0000
__Lreset_vec                 reset_vec    0000
__Lsfr0                      sfr0         0000
__Lsfr1                      sfr1         0000
__Lsfr2                      sfr2         0000
__Lsfr3                      sfr3         0000
__Lspace_0                   (abs)        0000
__Lspace_1                   (abs)        0000
__Lspace_2                   (abs)        0000
__Lspace_3                   (abs)        0000
__Lspace_4                   (abs)        0000
__Lstack                     stack        0000
__Lstrings                   strings      0000
__Ltext                      text         0000
__S0                         (abs)        04D9
__S1                         (abs)        007A
__S3                         (abs)        0000
___awdiv                     text9        0303
___awdiv@counter             cstackBANK0  0038
___awdiv@dividend            cstackBANK0  0036
___awdiv@divisor             cstackBANK0  0034
___awdiv@quotient            cstackBANK0  003A
___awdiv@sign                cstackBANK0  0039
___awmod                     text8        036C
___awmod@counter             cstackBANK0  0038
___awmod@dividend            cstackBANK0  0036
___awmod@divisor             cstackBANK0  0034
___awmod@sign                cstackBANK0  0039
___int_sp                    stack        0000
___latbits                   (abs)        0002
___sp                        stack        0000
___stackhi                   (abs)        0000
___stacklo                   (abs)        0000
__end_of___awdiv             text9        036C
__end_of___awmod             text8        03C7
__end_of__initialization     cinit        002F
__end_of_display             text7        046A
__end_of_display_hour        text6        0434
__end_of_display_mnt         text5        03FE
__end_of_init_config         text3        04BC
__end_of_init_ssd            text4        04B1
__end_of_init_timer2         text2        04D0
__end_of_isr                 text10       0303
__end_of_main                maintext     0287
__end_of_read_digital_keypad text1        0492
__initialization             cinit        000F
__pbssBANK0                  bssBANK0     0020
__pbssCOMMON                 bssCOMMON    0075
__pcstackBANK0               cstackBANK0  0034
__pcstackCOMMON              cstackCOMMON 0070
__pdataBANK0                 dataBANK0    0047
__pdataCOMMON                dataCOMMON   0079
__pidataBANK0                idataBANK0   04BC
__pidataCOMMON               idataCOMMON  04D8
__pintentry                  intentry     0004
__pmaintext                  maintext     0033
__ptext1                     text1        046A
__ptext10                    text10       0287
__ptext2                     text2        04C6
__ptext3                     text3        04B1
__ptext4                     text4        04A5
__ptext5                     text5        03C7
__ptext6                     text6        03FE
__ptext7                     text7        0434
__ptext8                     text8        036C
__ptext9                     text9        0303
_digits                      dataBANK0    0047
_display                     text7        0434
_display_hour                text6        03FE
_display_mnt                 text5        03C7
_flag                        bssBANK0     002A
_init_config                 text3        04B1
_init_ssd                    text4        04A5
_init_timer2                 text2        04C6
_isr                         text10       0287
_main                        maintext     0033
_min                         bssBANK0     002E
_read_digital_keypad         text1        046A
_sec                         bssBANK0     002C
_ssd                         bssBANK0     0030
_tmr_flag                    bssBANK0     0028
btemp                        (abs)        007E
clear_ram0                   clrtext      04D0
display@data                 cstackBANK0  0036
display@digit                cstackBANK0  0037
display@wait                 cstackBANK0  0034
display_hour@data            cstackBANK0  0036
display_hour@digit           cstackBANK0  0037
display_hour@wait            cstackBANK0  0034
display_mnt@data             cstackBANK0  0036
display_mnt@digit            cstackBANK0  0037
display_mnt@wait             cstackBANK0  0034
end_of_initialization        cinit        002F
init_fetch0                  inittext     0492
init_ram0                    inittext     0496
interrupt_function           intentry     0004
intlevel0                    functab      0000
intlevel1                    functab      0000
intlevel2                    functab      0000
intlevel3                    functab      0000
intlevel4                    functab      0000
intlevel5                    functab      0000
isr@count1                   bssCOMMON    0075
isr@count2                   bssBANK0     0020
main@key                     cstackBANK0  0046
main@min_temp                bssBANK0     0026
main@sec_temp                bssBANK0     0024
main@sw3_flag                cstackBANK0  0044
main@sw4_flag                cstackBANK0  0042
main@wait                    cstackBANK0  003E
read_digital_keypad@mode     cstackBANK0  0034
read_digital_keypad@once     dataCOMMON   0079
reset_vec                    reset_vec    0000
saved_w                      (abs)        007E
start                        init         000C
start_initialization         cinit        000F
wtemp0                       (abs)        007E


MODULE INFORMATION

Module		Function		Class		Link	Load	Size
ssd.c
		_init_ssd      		CODE           	04A5	0000	12
		_display       		CODE           	0434	0000	54
		_display_mnt   		CODE           	03C7	0000	55
		_display_hour  		CODE           	03FE	0000	54

ssd.c estimated size: 175

timers.c
		_init_timer2   		CODE           	04C6	0000	10

timers.c estimated size: 10

digital_keypad.c
		_read_digital_keypad		CODE           	046A	0000	40

digital_keypad.c estimated size: 40

C:\Program Files\Microchip\xc8\v2.40\pic\sources\c90\common\awdiv.c
		___awdiv       		CODE           	0303	0000	105

C:\Program Files\Microchip\xc8\v2.40\pic\sources\c90\common\awdiv.c estimated size: 105

isr.c
		_isr           		CODE           	0287	0000	124

isr.c estimated size: 124

shared
		__initialization		CODE           	000F	0000	32

shared estimated size: 32

C:\Program Files\Microchip\xc8\v2.40\pic\sources\c90\common\awmod.c
		___awmod       		CODE           	036C	0000	91

C:\Program Files\Microchip\xc8\v2.40\pic\sources\c90\common\awmod.c estimated size: 91

main.c
		_main          		CODE           	0033	0000	596
		_init_config   		CODE           	04B1	0000	11

main.c estimated size: 607

