Microchip MPLAB XC8 Compiler V2.40

Linker command line:

-W-3 \
  --edf=C:\Program Files\Microchip\xc8\v2.40\pic\dat\20220703182018_en.msgs \
  -cn \
  -h+dist/default/production\A16_SwitchControl_ScrollingMarquee.X.production.sym \
  --cmf=dist/default/production\A16_SwitchControl_ScrollingMarquee.X.production.cmf \
  -z -Q16F877A -oC:\Users\WROST^~1\AppData\Local\Temp\xcAs6q0.4 \
  --defsym=__MPLAB_BUILD=1 --fixupoverflow=error \
  -Mdist/default/production/A16_SwitchControl_ScrollingMarquee.X.production.map \
  --md=C:\Users\WROST^~1\AppData\Local\Temp\xcAs6q0.dat -E1 \
  -ver=XC8 Compiler --acfsm=1493 -ACODE=00h-07FFhx4 -ASTRCODE=00h-01FFFh \
  -ASTRING=00h-0FFhx32 -ACONST=00h-0FFhx32 -AENTRY=00h-0FFhx32 \
  -ACOMMON=070h-07Fh -ABANK0=020h-06Fh -ABANK1=0A0h-0EFh \
  -ABANK2=0110h-016Fh -ABANK3=0190h-01EFh \
  -ARAM=020h-06Fh,0A0h-0EFh,0110h-016Fh,0190h-01EFh \
  -AABS1=020h-07Fh,0A0h-0EFh,0110h-016Fh,0190h-01EFh -ASFR0=00h-01Fh \
  -ASFR1=080h-09Fh -ASFR2=0100h-010Fh -ASFR3=0180h-018Fh \
  -ACONFIG=02007h-02007h -DCONFIG=2 -AIDLOC=02000h-02003h -DIDLOC=2 \
  -AEEDATA=00h-0FFh/02100h -peeprom_data=EEDATA -DEEDATA=2 -DCODE=2 \
  -DSTRCODE=2 -DSTRING=2 -DCONST=2 -DENTRY=2 \
  -preset_vec=00h,intentry,init,end_init -ppowerup=CODE -pcinit=CODE \
  -pfunctab=ENTRY -k C:\Users\WROST^~1\AppData\Local\Temp\xcAs6q0.o \
  dist/default/production\A16_SwitchControl_ScrollingMarquee.X.production.o 

Object code version is 3.11

Machine type is 16F877A



                Name                               Link     Load   Length Selector   Space Scale
C:\Users\WROST^~1\AppData\Local\Temp\xcAs6q0.o
                end_init                              0        0        3        0       0
                config                             2007     2007        1        0       4
dist/default/production\A16_SwitchControl_ScrollingMarquee.X.production.o
                cinit                               7E8      7E8       18      FD0       0
                config                             2007     2007        1        0       4
                text5                               5B5      5B5       3A      B6A       0
                text4                               5EF      5EF       56      BDE       0
                text3                               55C      55C        C      AB8       0
                text2                               556      556        6      AAC       0
                text1                               58B      58B       2A      B16       0
                maintext                            645      645      1A3      C8A       0
                cstackBANK0                          20       20       13       20       1
                cstackCOMMON                         70       70        C       70       1
                inittext                            578      578       13      AF0       0
                dataBANK0                            33       33       10       20       1
                dataCOMMON                           7C       7C        1       70       1
                idataBANK0                          568      568       10      AD0       0
                idataCOMMON                         555      555        1      AAA       0

TOTAL           Name                               Link     Load   Length     Space
        CLASS   CODE           
                end_init                              0        0        3         0
                cinit                               7E8      7E8       18         0
                text5                               5B5      5B5       3A         0
                text4                               5EF      5EF       56         0
                text3                               55C      55C        C         0
                text2                               556      556        6         0
                text1                               58B      58B       2A         0
                maintext                            645      645      1A3         0
                inittext                            578      578       13         0
                idataBANK0                          568      568       10         0
                idataCOMMON                         555      555        1         0

        CLASS   STRCODE        

        CLASS   STRING         

        CLASS   CONST          

        CLASS   ENTRY          

        CLASS   COMMON         
                cstackCOMMON                         70       70        C         1
                dataCOMMON                           7C       7C        1         1

        CLASS   BANK0          
                cstackBANK0                          20       20       13         1
                dataBANK0                            33       33       10         1

        CLASS   BANK1          

        CLASS   BANK2          

        CLASS   BANK3          

        CLASS   RAM            

        CLASS   ABS1           
                abs_s1                               7E       7E        2         1

        CLASS   SFR0           

        CLASS   SFR1           

        CLASS   SFR2           

        CLASS   SFR3           

        CLASS   CONFIG         
                config                             2007     2007        1         4

        CLASS   IDLOC          

        CLASS   EEDATA         

        CLASS   STACK          



SEGMENTS        Name                           Load    Length   Top    Selector   Space  Class     Delta

                reset_vec                      000000  000003  000003         0       0  CODE        2
                cstackBANK0                    000020  000023  000043        20       1  BANK0       1
                cstackCOMMON                   000070  00000D  00007D        70       1  COMMON      1
                idataCOMMON                    000555  000001  000556       AAA       0  CODE        2
                text2                          000556  000006  00055C       AAC       0  CODE        2
                text3                          00055C  00000C  000568       AB8       0  CODE        2
                idataBANK0                     000568  000010  000578       AD0       0  CODE        2
                inittext                       000578  000013  00058B       AF0       0  CODE        2
                text1                          00058B  00002A  0005B5       B16       0  CODE        2
                text5                          0005B5  00003A  0005EF       B6A       0  CODE        2
                text4                          0005EF  000056  000645       BDE       0  CODE        2
                maintext                       000645  0001A3  0007E8       C8A       0  CODE        2
                cinit                          0007E8  000018  000800       FD0       0  CODE        2


UNUSED ADDRESS RANGES

        Name                Unused          Largest block    Delta
        BANK0            0043-006F             2D           1
        BANK1            00A0-00EF             50           1
        BANK2            0110-016F             60           1
        BANK3            0190-01EF             60           1
        CODE             0003-0554            552           2
                         0800-1FFF            800
        COMMON           007D-007D              1           1
        CONST            0003-0554            100           2
                         0800-1FFF            100
        EEDATA           2100-21FF            100           2
        ENTRY            0003-0554            100           2
                         0800-1FFF            100
        IDLOC            2000-2003              4           2
        RAM              0043-006F             2D           1
                         00A0-00EF             50
                         0110-016F             60
                         0190-01EF             60
        SFR0             0000-001F             20           1
        SFR1             0080-009F             20           1
        SFR2             0100-010F             10           1
        SFR3             0180-018F             10           1
        STRCODE          0003-0554            552           2
                         0800-1FFF           1800
        STRING           0003-0554            100           2
                         0800-1FFF            100

                                  Symbol Table

?___lwmod                    cstackCOMMON 0070
_PORTA                       (abs)        0005
_PORTB                       (abs)        0006
_PORTD                       (abs)        0008
_TRISA                       (abs)        0085
_TRISB                       (abs)        0086
_TRISD                       (abs)        0088
__Habs1                      abs1         0000
__Hbank0                     bank0        0000
__Hbank1                     bank1        0000
__Hbank2                     bank2        0000
__Hbank3                     bank3        0000
__Hcinit                     cinit        0800
__Hclrtext                   clrtext      0000
__Hcode                      code         0000
__Hcommon                    common       0000
__Hconfig                    config       2008
__HcstackBANK0               cstackBANK0  0000
__HcstackCOMMON              cstackCOMMON 0000
__HdataBANK0                 dataBANK0    0000
__HdataCOMMON                dataCOMMON   0000
__Heeprom_data               eeprom_data  0000
__Hend_init                  end_init     0003
__Hfunctab                   functab      0000
__HidataBANK0                idataBANK0   0000
__HidataCOMMON               idataCOMMON  0000
__Hinit                      init         0000
__Hinittext                  inittext     0000
__Hintentry                  intentry     0000
__Hmaintext                  maintext     0000
__Hpowerup                   powerup      0000
__Hram                       ram          0000
__Hreset_vec                 reset_vec    0000
__Hsfr0                      sfr0         0000
__Hsfr1                      sfr1         0000
__Hsfr2                      sfr2         0000
__Hsfr3                      sfr3         0000
__Hspace_0                   (abs)        0800
__Hspace_1                   (abs)        007D
__Hspace_2                   (abs)        0000
__Hspace_3                   (abs)        0000
__Hspace_4                   (abs)        400F
__Hstack                     stack        0000
__Hstrings                   strings      0000
__Htext                      text         0000
__Labs1                      abs1         0000
__Lbank0                     bank0        0000
__Lbank1                     bank1        0000
__Lbank2                     bank2        0000
__Lbank3                     bank3        0000
__Lcinit                     cinit        07E8
__Lclrtext                   clrtext      0000
__Lcode                      code         0000
__Lcommon                    common       0000
__Lconfig                    config       0000
__LcstackBANK0               cstackBANK0  0000
__LcstackCOMMON              cstackCOMMON 0000
__LdataBANK0                 dataBANK0    0000
__LdataCOMMON                dataCOMMON   0000
__Leeprom_data               eeprom_data  0000
__Lend_init                  end_init     0000
__Lfunctab                   functab      0000
__LidataBANK0                idataBANK0   0000
__LidataCOMMON               idataCOMMON  0000
__Linit                      init         0000
__Linittext                  inittext     0000
__Lintentry                  intentry     0000
__Lmaintext                  maintext     0000
__Lpowerup                   powerup      0000
__Lram                       ram          0000
__Lreset_vec                 reset_vec    0000
__Lsfr0                      sfr0         0000
__Lsfr1                      sfr1         0000
__Lsfr2                      sfr2         0000
__Lsfr3                      sfr3         0000
__Lspace_0                   (abs)        0000
__Lspace_1                   (abs)        0000
__Lspace_2                   (abs)        0000
__Lspace_3                   (abs)        0000
__Lspace_4                   (abs)        0000
__Lstack                     stack        0000
__Lstrings                   strings      0000
__Ltext                      text         0000
__S0                         (abs)        0800
__S1                         (abs)        007D
__S3                         (abs)        0000
___int_sp                    stack        0000
___latbits                   (abs)        0002
___lwmod                     text5        05B5
___lwmod@counter             cstackCOMMON 0075
___lwmod@dividend            cstackCOMMON 0072
___lwmod@divisor             cstackCOMMON 0070
___sp                        stack        0000
___stackhi                   (abs)        0000
___stacklo                   (abs)        0000
__end_of___lwmod             text5        05EF
__end_of__initialization     cinit        07FC
__end_of_display             text4        0645
__end_of_init_config         text2        055C
__end_of_init_ssd            text3        0568
__end_of_main                maintext     07E8
__end_of_read_digital_keypad text1        05B5
__initialization             cinit        07E8
__pcstackBANK0               cstackBANK0  0020
__pcstackCOMMON              cstackCOMMON 0070
__pdataBANK0                 dataBANK0    0033
__pdataCOMMON                dataCOMMON   007C
__pidataBANK0                idataBANK0   0568
__pidataCOMMON               idataCOMMON  0555
__pmaintext                  maintext     0645
__ptext1                     text1        058B
__ptext2                     text2        0556
__ptext3                     text3        055C
__ptext4                     text4        05EF
__ptext5                     text5        05B5
_digit                       dataBANK0    0033
_display                     text4        05EF
_init_config                 text2        0556
_init_ssd                    text3        055C
_main                        maintext     0645
_read_digital_keypad         text1        058B
btemp                        (abs)        007E
display@data                 cstackCOMMON 0078
display@digit                cstackCOMMON 0079
display@wait                 cstackCOMMON 0074
end_of_initialization        cinit        07FC
init_fetch0                  inittext     0578
init_ram0                    inittext     057C
intlevel0                    functab      0000
intlevel1                    functab      0000
intlevel2                    functab      0000
intlevel3                    functab      0000
intlevel4                    functab      0000
intlevel5                    functab      0000
main@count                   cstackBANK0  0020
main@flag                    cstackBANK0  0024
main@i                       cstackBANK0  002F
main@j                       cstackBANK0  0031
main@key                     cstackBANK0  0026
main@left_flag               cstackBANK0  002B
main@right_flag              cstackBANK0  002D
main@ssd                     cstackBANK0  0027
main@wait                    cstackBANK0  0022
read_digital_keypad@mode     cstackCOMMON 0071
read_digital_keypad@once     dataCOMMON   007C
reset_vec                    reset_vec    0000
start                        init         0000
start_initialization         cinit        07E8
wtemp0                       (abs)        007E


MODULE INFORMATION

Module		Function		Class		Link	Load	Size
ssd.c
		_init_ssd      		CODE           	055C	0000	12
		_display       		CODE           	05EF	0000	86

ssd.c estimated size: 98

digital_keypad.c
		_read_digital_keypad		CODE           	058B	0000	42

digital_keypad.c estimated size: 42

C:\Program Files\Microchip\xc8\v2.40\pic\sources\c90\common\lwmod.c
		___lwmod       		CODE           	05B5	0000	58

C:\Program Files\Microchip\xc8\v2.40\pic\sources\c90\common\lwmod.c estimated size: 58

shared
		__initialization		CODE           	07E8	0000	20

shared estimated size: 20

main.c
		_main          		CODE           	0645	0000	419
		_init_config   		CODE           	0556	0000	6

main.c estimated size: 425

