Microchip MPLAB XC8 Compiler V2.40

Linker command line:

-W-3 \
  --edf=C:\Program Files\Microchip\xc8\v2.40\pic\dat\20220703182018_en.msgs \
  -cn \
  -h+dist/default/production\A24-8Field__Password_Access_.X.production.sym \
  --cmf=dist/default/production\A24-8Field__Password_Access_.X.production.cmf \
  -z -Q16F877A -oC:\Users\WROST^~1\AppData\Local\Temp\xcAs7bs.4 \
  --defsym=__MPLAB_BUILD=1 --fixupoverflow=error \
  -Mdist/default/production/A24-8Field__Password_Access_.X.production.map \
  --md=C:\Users\WROST^~1\AppData\Local\Temp\xcAs7bs.dat -E1 \
  -ver=XC8 Compiler --acfsm=1493 -ACODE=00h-07FFhx4 -ASTRCODE=00h-01FFFh \
  -ASTRING=00h-0FFhx32 -ACONST=00h-0FFhx32 -AENTRY=00h-0FFhx32 \
  -ACOMMON=070h-07Fh -ABANK0=020h-06Fh -ABANK1=0A0h-0EFh \
  -ABANK2=0110h-016Fh -ABANK3=0190h-01EFh \
  -ARAM=020h-06Fh,0A0h-0EFh,0110h-016Fh,0190h-01EFh \
  -AABS1=020h-07Fh,0A0h-0EFh,0110h-016Fh,0190h-01EFh -ASFR0=00h-01Fh \
  -ASFR1=080h-09Fh -ASFR2=0100h-010Fh -ASFR3=0180h-018Fh \
  -ACONFIG=02007h-02007h -DCONFIG=2 -AIDLOC=02000h-02003h -DIDLOC=2 \
  -AEEDATA=00h-0FFh/02100h -peeprom_data=EEDATA -DEEDATA=2 -DCODE=2 \
  -DSTRCODE=2 -DSTRING=2 -DCONST=2 -DENTRY=2 \
  -preset_vec=00h,intentry,init,end_init -ppowerup=CODE -pcinit=CODE \
  -pfunctab=ENTRY -k C:\Users\WROST^~1\AppData\Local\Temp\xcAs7bs.o \
  dist/default/production\A24-8Field__Password_Access_.X.production.o 

Object code version is 3.11

Machine type is 16F877A



                Name                               Link     Load   Length Selector   Space Scale
C:\Users\WROST^~1\AppData\Local\Temp\xcAs7bs.o
                end_init                              0        0        3        0       0
                config                             2007     2007        1        0       4
dist/default/production\A24-8Field__Password_Access_.X.production.o
                cinit                               7E6      7E6       1A      FCC       0
                config                             2007     2007        1        0       4
                text9                               259      259       36      4B2       0
                text8                               209      209       28      412       0
                text7                               28F      28F       63      51E       0
                text6                               1A4      1A4        B      348       0
                text5                               1AF      1AF       10      35E       0
                text4                               1D2      1D2       14      3A4       0
                text3                               2F2      2F2       AC      5E4       0
                text2                               1E6      1E6       23      3CC       0
                text1                               231      231       28      462       0
                maintext                            39E      39E      448      73C       0
                cstackBANK0                          20       20       21       20       1
                cstackCOMMON                         70       70        B       70       1
                inittext                            1BF      1BF       13      37E       0
                dataBANK0                            41       41        9       20       1
                bssBANK0                             4A       4A        2       20       1
                dataCOMMON                           7B       7B        1       70       1
                strings                               3        3       D6        6       0
                idataBANK0                          19B      19B        9      336       0
                idataCOMMON                         19A      19A        1      334       0

TOTAL           Name                               Link     Load   Length     Space
        CLASS   CODE           
                end_init                              0        0        3         0
                cinit                               7E6      7E6       1A         0
                text9                               259      259       36         0
                text8                               209      209       28         0
                text7                               28F      28F       63         0
                text6                               1A4      1A4        B         0
                text5                               1AF      1AF       10         0
                text4                               1D2      1D2       14         0
                text3                               2F2      2F2       AC         0
                text2                               1E6      1E6       23         0
                text1                               231      231       28         0
                maintext                            39E      39E      448         0
                inittext                            1BF      1BF       13         0
                idataBANK0                          19B      19B        9         0
                idataCOMMON                         19A      19A        1         0

        CLASS   STRCODE        

        CLASS   STRING         
                strings                               3        3       D6         0

        CLASS   CONST          

        CLASS   ENTRY          

        CLASS   COMMON         
                cstackCOMMON                         70       70        B         1
                dataCOMMON                           7B       7B        1         1

        CLASS   BANK0          
                cstackBANK0                          20       20       21         1
                dataBANK0                            41       41        9         1
                bssBANK0                             4A       4A        2         1

        CLASS   BANK1          

        CLASS   BANK2          

        CLASS   BANK3          

        CLASS   RAM            

        CLASS   ABS1           
                abs_s1                               7E       7E        2         1

        CLASS   SFR0           

        CLASS   SFR1           

        CLASS   SFR2           

        CLASS   SFR3           

        CLASS   CONFIG         
                config                             2007     2007        1         4

        CLASS   IDLOC          

        CLASS   EEDATA         

        CLASS   STACK          



SEGMENTS        Name                           Load    Length   Top    Selector   Space  Class     Delta

                reset_vec                      000000  000003  000003         0       0  CODE        2
                strings                        000003  0000D6  0000D9         6       0  STRING      2
                cstackBANK0                    000020  00002C  00004C        20       1  BANK0       1
                cstackCOMMON                   000070  00000C  00007C        70       1  COMMON      1
                idataCOMMON                    00019A  000001  00019B       334       0  CODE        2
                idataBANK0                     00019B  000009  0001A4       336       0  CODE        2
                text6                          0001A4  00000B  0001AF       348       0  CODE        2
                text5                          0001AF  000010  0001BF       35E       0  CODE        2
                inittext                       0001BF  000013  0001D2       37E       0  CODE        2
                text4                          0001D2  000014  0001E6       3A4       0  CODE        2
                text2                          0001E6  000023  000209       3CC       0  CODE        2
                text8                          000209  000028  000231       412       0  CODE        2
                text1                          000231  000028  000259       462       0  CODE        2
                text9                          000259  000036  00028F       4B2       0  CODE        2
                text7                          00028F  000063  0002F2       51E       0  CODE        2
                text3                          0002F2  0000AC  00039E       5E4       0  CODE        2
                maintext                       00039E  000448  0007E6       73C       0  CODE        2
                cinit                          0007E6  00001A  000800       FCC       0  CODE        2


UNUSED ADDRESS RANGES

        Name                Unused          Largest block    Delta
        BANK0            004C-006F             24           1
        BANK1            00A0-00EF             50           1
        BANK2            0110-016F             60           1
        BANK3            0190-01EF             60           1
        CODE             00D9-0199             C1           2
                         0800-1FFF            800
        COMMON           007C-007D              2           1
        CONST            00D9-0199             27           2
                         0800-1FFF            100
        EEDATA           2100-21FF            100           2
        ENTRY            00D9-0199             27           2
                         0800-1FFF            100
        IDLOC            2000-2003              4           2
        RAM              004C-006F             24           1
                         00A0-00EF             50
                         0110-016F             60
                         0190-01EF             60
        SFR0             0000-001F             20           1
        SFR1             0080-009F             20           1
        SFR2             0100-010F             10           1
        SFR3             0180-018F             10           1
        STRCODE          00D9-0199             C1           2
                         0800-1FFF           1800
        STRING           00D9-0199             27           2
                         0800-1FFF            100

                                  Symbol Table

?_strcmp                         cstackCOMMON 0070
_PORTB                           (abs)        0006
_PORTD                           (abs)        0008
_RB0                             (abs)        0030
_RB1                             (abs)        0031
_RB2                             (abs)        0032
_RB7                             (abs)        0037
_RD0                             (abs)        0040
_RD1                             (abs)        0041
_RD2                             (abs)        0042
_RD3                             (abs)        0043
_RE1                             (abs)        0049
_RE2                             (abs)        004A
_TRISB                           (abs)        0086
_TRISD                           (abs)        0088
_TRISE1                          (abs)        0449
_TRISE2                          (abs)        044A
__Habs1                          abs1         0000
__Hbank0                         bank0        0000
__Hbank1                         bank1        0000
__Hbank2                         bank2        0000
__Hbank3                         bank3        0000
__HbssBANK0                      bssBANK0     0000
__Hcinit                         cinit        0800
__Hclrtext                       clrtext      0000
__Hcode                          code         0000
__Hcommon                        common       0000
__Hconfig                        config       2008
__HcstackBANK0                   cstackBANK0  0000
__HcstackCOMMON                  cstackCOMMON 0000
__HdataBANK0                     dataBANK0    0000
__HdataCOMMON                    dataCOMMON   0000
__Heeprom_data                   eeprom_data  0000
__Hend_init                      end_init     0003
__Hfunctab                       functab      0000
__HidataBANK0                    idataBANK0   0000
__HidataCOMMON                   idataCOMMON  0000
__Hinit                          init         0000
__Hinittext                      inittext     0000
__Hintentry                      intentry     0000
__Hmaintext                      maintext     0000
__Hpowerup                       powerup      0000
__Hram                           ram          0000
__Hreset_vec                     reset_vec    0000
__Hsfr0                          sfr0         0000
__Hsfr1                          sfr1         0000
__Hsfr2                          sfr2         0000
__Hsfr3                          sfr3         0000
__Hspace_0                       (abs)        0800
__Hspace_1                       (abs)        007C
__Hspace_2                       (abs)        0000
__Hspace_3                       (abs)        0000
__Hspace_4                       (abs)        400F
__Hstack                         stack        0000
__Hstrings                       strings      0000
__Htext                          text         0000
__Labs1                          abs1         0000
__Lbank0                         bank0        0000
__Lbank1                         bank1        0000
__Lbank2                         bank2        0000
__Lbank3                         bank3        0000
__LbssBANK0                      bssBANK0     0000
__Lcinit                         cinit        07E6
__Lclrtext                       clrtext      0000
__Lcode                          code         0000
__Lcommon                        common       0000
__Lconfig                        config       0000
__LcstackBANK0                   cstackBANK0  0000
__LcstackCOMMON                  cstackCOMMON 0000
__LdataBANK0                     dataBANK0    0000
__LdataCOMMON                    dataCOMMON   0000
__Leeprom_data                   eeprom_data  0000
__Lend_init                      end_init     0000
__Lfunctab                       functab      0000
__LidataBANK0                    idataBANK0   0000
__LidataCOMMON                   idataCOMMON  0000
__Linit                          init         0000
__Linittext                      inittext     0000
__Lintentry                      intentry     0000
__Lmaintext                      maintext     0000
__Lpowerup                       powerup      0000
__Lram                           ram          0000
__Lreset_vec                     reset_vec    0000
__Lsfr0                          sfr0         0000
__Lsfr1                          sfr1         0000
__Lsfr2                          sfr2         0000
__Lsfr3                          sfr3         0000
__Lspace_0                       (abs)        0000
__Lspace_1                       (abs)        0000
__Lspace_2                       (abs)        0000
__Lspace_3                       (abs)        0000
__Lspace_4                       (abs)        0000
__Lstack                         stack        0000
__Lstrings                       strings      0000
__Ltext                          text         0000
__S0                             (abs)        0800
__S1                             (abs)        007C
__S3                             (abs)        0000
___int_sp                        stack        0000
___latbits                       (abs)        0002
___sp                            stack        0000
___stackhi                       (abs)        0000
___stacklo                       (abs)        0000
__end_of__initialization         cinit        07FC
__end_of__stringtab              strings      0009
__end_of_clcd_print              text8        0231
__end_of_clcd_write              text9        028F
__end_of_init_clcd               text6        01AF
__end_of_init_config             text4        01E6
__end_of_init_display_controller text7        02F2
__end_of_init_matrix_keypad      text5        01BF
__end_of_main                    maintext     07E6
__end_of_read_matrix_keypad      text2        0209
__end_of_scan_keypad             text3        039E
__end_of_strcmp                  text1        0259
__initialization                 cinit        07E6
__pbssBANK0                      bssBANK0     004A
__pcstackBANK0                   cstackBANK0  0020
__pcstackCOMMON                  cstackCOMMON 0070
__pdataBANK0                     dataBANK0    0041
__pdataCOMMON                    dataCOMMON   007B
__pidataBANK0                    idataBANK0   019B
__pidataCOMMON                   idataCOMMON  019A
__pmaintext                      maintext     039E
__pstrings                       strings      0003
__ptext1                         text1        0231
__ptext2                         text2        01E6
__ptext3                         text3        02F2
__ptext4                         text4        01D2
__ptext5                         text5        01AF
__ptext6                         text6        01A4
__ptext7                         text7        028F
__ptext8                         text8        0209
__ptext9                         text9        0259
__stringbase                     strings      0008
__stringtab                      strings      0003
_clcd_print                      text8        0209
_clcd_write                      text9        0259
_init_clcd                       text6        01A4
_init_config                     text4        01D2
_init_display_controller         text7        028F
_init_matrix_keypad              text5        01AF
_main                            maintext     039E
_nRBPU                           (abs)        040F
_read_matrix_keypad              text2        01E6
_scan_keypad                     text3        02F2
_strcmp                          text1        0231
btemp                            (abs)        007E
clcd_print@addr                  cstackCOMMON 0074
clcd_print@str                   cstackCOMMON 0076
clcd_write@byte                  cstackCOMMON 0073
clcd_write@mode                  cstackCOMMON 0070
end_of_initialization            cinit        07FC
init_fetch0                      inittext     01BF
init_ram0                        inittext     01C3
intlevel0                        functab      0000
intlevel1                        functab      0000
intlevel2                        functab      0000
intlevel3                        functab      0000
intlevel4                        functab      0000
intlevel5                        functab      0000
main@F869                        dataBANK0    0041
main@attempt                     cstackBANK0  003F
main@i                           bssBANK0     004A
main@j                           cstackBANK0  0032
main@key                         cstackBANK0  0036
main@message                     cstackBANK0  0020
main@user_pass                   cstackBANK0  0029
main@wait                        cstackBANK0  0037
main@wait2                       cstackBANK0  003B
read_matrix_keypad@key           cstackCOMMON 0073
read_matrix_keypad@mode          cstackCOMMON 0072
read_matrix_keypad@once          dataCOMMON   007B
reset_vec                        reset_vec    0000
scan_keypad@i                    cstackCOMMON 0070
start                            init         0000
start_initialization             cinit        07E6
strcmp@r                         cstackCOMMON 0074
strcmp@s1                        cstackCOMMON 0075
strcmp@s2                        cstackCOMMON 0070
wtemp0                           (abs)        007E


MODULE INFORMATION

Module		Function		Class		Link	Load	Size
C:\Program Files\Microchip\xc8\v2.40\pic\sources\c90\common\strcmp.c
		_strcmp        		CODE           	0231	0000	40

C:\Program Files\Microchip\xc8\v2.40\pic\sources\c90\common\strcmp.c estimated size: 40

matrix_keypad.c
		_init_matrix_keypad		CODE           	01AF	0000	16
		_read_matrix_keypad		CODE           	01E6	0000	35
		_scan_keypad   		CODE           	02F2	0000	172

matrix_keypad.c estimated size: 223

shared
		__stringtab    		STRING         	0003	0000	6
		__initialization		CODE           	07E6	0000	22

shared estimated size: 28

clcd.c
		_clcd_write    		CODE           	0259	0000	54
		_clcd_print    		CODE           	0209	0000	40
		_init_display_controller		CODE           	028F	0000	99
		_init_clcd     		CODE           	01A4	0000	11

clcd.c estimated size: 204

main.c
		_main          		CODE           	039E	0000	1096
		_init_config   		CODE           	01D2	0000	20

main.c estimated size: 1116

