Microchip MPLAB XC8 Compiler V2.40

Linker command line:

-W-3 \
  --edf=C:\Program Files\Microchip\xc8\v2.40\pic\dat\20220703182018_en.msgs \
  -cn \
  -h+dist/default/production\A13_-_4_digit_Keypress_Counter.X.production.sym \
  --cmf=dist/default/production\A13_-_4_digit_Keypress_Counter.X.production.cmf \
  -z -Q16F877A -oC:\Users\WROST^~1\AppData\Local\Temp\xcAs3d8.4 \
  --defsym=__MPLAB_BUILD=1 --fixupoverflow=error \
  -Mdist/default/production/A13_-_4_digit_Keypress_Counter.X.production.map \
  --md=C:\Users\WROST^~1\AppData\Local\Temp\xcAs3d8.dat -E1 \
  -ver=XC8 Compiler --acfsm=1493 -ACODE=00h-07FFhx4 -ASTRCODE=00h-01FFFh \
  -ASTRING=00h-0FFhx32 -ACONST=00h-0FFhx32 -AENTRY=00h-0FFhx32 \
  -ACOMMON=070h-07Fh -ABANK0=020h-06Fh -ABANK1=0A0h-0EFh \
  -ABANK2=0110h-016Fh -ABANK3=0190h-01EFh \
  -ARAM=020h-06Fh,0A0h-0EFh,0110h-016Fh,0190h-01EFh \
  -AABS1=020h-07Fh,0A0h-0EFh,0110h-016Fh,0190h-01EFh -ASFR0=00h-01Fh \
  -ASFR1=080h-09Fh -ASFR2=0100h-010Fh -ASFR3=0180h-018Fh \
  -ACONFIG=02007h-02007h -DCONFIG=2 -AIDLOC=02000h-02003h -DIDLOC=2 \
  -AEEDATA=00h-0FFh/02100h -peeprom_data=EEDATA -DEEDATA=2 -DCODE=2 \
  -DSTRCODE=2 -DSTRING=2 -DCONST=2 -DENTRY=2 \
  -preset_vec=00h,intentry,init,end_init -ppowerup=CODE -pcinit=CODE \
  -pfunctab=ENTRY -k C:\Users\WROST^~1\AppData\Local\Temp\xcAs3d8.o \
  dist/default/production\A13_-_4_digit_Keypress_Counter.X.production.o 

Object code version is 3.11

Machine type is 16F877A



                Name                               Link     Load   Length Selector   Space Scale
C:\Users\WROST^~1\AppData\Local\Temp\xcAs3d8.o
                end_init                              0        0        3        0       0
                config                             2007     2007        1        0       4
dist/default/production\A13_-_4_digit_Keypress_Counter.X.production.o
                cinit                               7EE      7EE       12      FDC       0
                config                             2007     2007        1        0       4
                text6                               675      675       44      CEA       0
                text5                               63B      63B       3A      C76       0
                text4                               6B9      6B9       56      D72       0
                text3                               5E3      5E3        C      BC6       0
                text2                               5DD      5DD        6      BBA       0
                text1                               611      611       2A      C22       0
                maintext                            70F      70F       DF      E1E       0
                cstackBANK0                          20       20       18       20       1
                cstackCOMMON                         70       70        E       70       1
                inittext                            5FE      5FE       13      BFC       0
                dataBANK0                            38       38        F       20       1
                idataBANK0                          5EF      5EF        F      BDE       0

TOTAL           Name                               Link     Load   Length     Space
        CLASS   CODE           
                end_init                              0        0        3         0
                cinit                               7EE      7EE       12         0
                text6                               675      675       44         0
                text5                               63B      63B       3A         0
                text4                               6B9      6B9       56         0
                text3                               5E3      5E3        C         0
                text2                               5DD      5DD        6         0
                text1                               611      611       2A         0
                maintext                            70F      70F       DF         0
                inittext                            5FE      5FE       13         0
                idataBANK0                          5EF      5EF        F         0

        CLASS   STRCODE        

        CLASS   STRING         

        CLASS   CONST          

        CLASS   ENTRY          

        CLASS   COMMON         
                cstackCOMMON                         70       70        E         1

        CLASS   BANK0          
                cstackBANK0                          20       20       18         1
                dataBANK0                            38       38        F         1

        CLASS   BANK1          

        CLASS   BANK2          

        CLASS   BANK3          

        CLASS   RAM            

        CLASS   ABS1           
                abs_s1                               7E       7E        2         1

        CLASS   SFR0           

        CLASS   SFR1           

        CLASS   SFR2           

        CLASS   SFR3           

        CLASS   CONFIG         
                config                             2007     2007        1         4

        CLASS   IDLOC          

        CLASS   EEDATA         

        CLASS   STACK          



SEGMENTS        Name                           Load    Length   Top    Selector   Space  Class     Delta

                reset_vec                      000000  000003  000003         0       0  CODE        2
                cstackBANK0                    000020  000027  000047        20       1  BANK0       1
                cstackCOMMON                   000070  00000E  00007E        70       1  COMMON      1
                text2                          0005DD  000006  0005E3       BBA       0  CODE        2
                text3                          0005E3  00000C  0005EF       BC6       0  CODE        2
                idataBANK0                     0005EF  00000F  0005FE       BDE       0  CODE        2
                inittext                       0005FE  000013  000611       BFC       0  CODE        2
                text1                          000611  00002A  00063B       C22       0  CODE        2
                text5                          00063B  00003A  000675       C76       0  CODE        2
                text6                          000675  000044  0006B9       CEA       0  CODE        2
                text4                          0006B9  000056  00070F       D72       0  CODE        2
                maintext                       00070F  0000DF  0007EE       E1E       0  CODE        2
                cinit                          0007EE  000012  000800       FDC       0  CODE        2


UNUSED ADDRESS RANGES

        Name                Unused          Largest block    Delta
        BANK0            0047-006F             29           1
        BANK1            00A0-00EF             50           1
        BANK2            0110-016F             60           1
        BANK3            0190-01EF             60           1
        CODE             0003-05DC            5DA           2
                         0800-1FFF            800
        CONST            0003-05DC            100           2
                         0800-1FFF            100
        EEDATA           2100-21FF            100           2
        ENTRY            0003-05DC            100           2
                         0800-1FFF            100
        IDLOC            2000-2003              4           2
        RAM              0047-006F             29           1
                         00A0-00EF             50
                         0110-016F             60
                         0190-01EF             60
        SFR0             0000-001F             20           1
        SFR1             0080-009F             20           1
        SFR2             0100-010F             10           1
        SFR3             0180-018F             10           1
        STRCODE          0003-05DC            5DA           2
                         0800-1FFF           1800
        STRING           0003-05DC            100           2
                         0800-1FFF            100

                                  Symbol Table

?___lwdiv                    cstackCOMMON 0076
?___lwmod                    cstackCOMMON 0070
_PORTA                       (abs)        0005
_PORTB                       (abs)        0006
_PORTD                       (abs)        0008
_TRISA                       (abs)        0085
_TRISB                       (abs)        0086
_TRISD                       (abs)        0088
__Habs1                      abs1         0000
__Hbank0                     bank0        0000
__Hbank1                     bank1        0000
__Hbank2                     bank2        0000
__Hbank3                     bank3        0000
__Hcinit                     cinit        0800
__Hclrtext                   clrtext      0000
__Hcode                      code         0000
__Hcommon                    common       0000
__Hconfig                    config       2008
__HcstackBANK0               cstackBANK0  0000
__HcstackCOMMON              cstackCOMMON 0000
__HdataBANK0                 dataBANK0    0000
__Heeprom_data               eeprom_data  0000
__Hend_init                  end_init     0003
__Hfunctab                   functab      0000
__HidataBANK0                idataBANK0   0000
__Hinit                      init         0000
__Hinittext                  inittext     0000
__Hintentry                  intentry     0000
__Hmaintext                  maintext     0000
__Hpowerup                   powerup      0000
__Hram                       ram          0000
__Hreset_vec                 reset_vec    0000
__Hsfr0                      sfr0         0000
__Hsfr1                      sfr1         0000
__Hsfr2                      sfr2         0000
__Hsfr3                      sfr3         0000
__Hspace_0                   (abs)        0800
__Hspace_1                   (abs)        007E
__Hspace_2                   (abs)        0000
__Hspace_3                   (abs)        0000
__Hspace_4                   (abs)        400F
__Hstack                     stack        0000
__Hstrings                   strings      0000
__Htext                      text         0000
__Labs1                      abs1         0000
__Lbank0                     bank0        0000
__Lbank1                     bank1        0000
__Lbank2                     bank2        0000
__Lbank3                     bank3        0000
__Lcinit                     cinit        07EE
__Lclrtext                   clrtext      0000
__Lcode                      code         0000
__Lcommon                    common       0000
__Lconfig                    config       0000
__LcstackBANK0               cstackBANK0  0000
__LcstackCOMMON              cstackCOMMON 0000
__LdataBANK0                 dataBANK0    0000
__Leeprom_data               eeprom_data  0000
__Lend_init                  end_init     0000
__Lfunctab                   functab      0000
__LidataBANK0                idataBANK0   0000
__Linit                      init         0000
__Linittext                  inittext     0000
__Lintentry                  intentry     0000
__Lmaintext                  maintext     0000
__Lpowerup                   powerup      0000
__Lram                       ram          0000
__Lreset_vec                 reset_vec    0000
__Lsfr0                      sfr0         0000
__Lsfr1                      sfr1         0000
__Lsfr2                      sfr2         0000
__Lsfr3                      sfr3         0000
__Lspace_0                   (abs)        0000
__Lspace_1                   (abs)        0000
__Lspace_2                   (abs)        0000
__Lspace_3                   (abs)        0000
__Lspace_4                   (abs)        0000
__Lstack                     stack        0000
__Lstrings                   strings      0000
__Ltext                      text         0000
__S0                         (abs)        0800
__S1                         (abs)        007E
__S3                         (abs)        0000
___int_sp                    stack        0000
___latbits                   (abs)        0002
___lwdiv                     text6        0675
___lwdiv@counter             cstackCOMMON 007D
___lwdiv@dividend            cstackCOMMON 0078
___lwdiv@divisor             cstackCOMMON 0076
___lwdiv@quotient            cstackCOMMON 007B
___lwmod                     text5        063B
___lwmod@counter             cstackCOMMON 0075
___lwmod@dividend            cstackCOMMON 0072
___lwmod@divisor             cstackCOMMON 0070
___sp                        stack        0000
___stackhi                   (abs)        0000
___stacklo                   (abs)        0000
__end_of___lwdiv             text6        06B9
__end_of___lwmod             text5        0675
__end_of__initialization     cinit        07FC
__end_of_display             text4        070F
__end_of_init_config         text2        05E3
__end_of_init_ssd            text3        05EF
__end_of_main                maintext     07EE
__end_of_read_digital_keypad text1        063B
__initialization             cinit        07EE
__pcstackBANK0               cstackBANK0  0020
__pcstackCOMMON              cstackCOMMON 0070
__pdataBANK0                 dataBANK0    0038
__pidataBANK0                idataBANK0   05EF
__pmaintext                  maintext     070F
__ptext1                     text1        0611
__ptext2                     text2        05DD
__ptext3                     text3        05E3
__ptext4                     text4        06B9
__ptext5                     text5        063B
__ptext6                     text6        0675
_display                     text4        06B9
_init_config                 text2        05DD
_init_ssd                    text3        05E3
_main                        maintext     070F
_read_digital_keypad         text1        0611
btemp                        (abs)        007E
display@data                 cstackCOMMON 0078
display@digit                cstackCOMMON 0079
display@wait                 cstackCOMMON 0074
end_of_initialization        cinit        07FC
init_fetch0                  inittext     05FE
init_ram0                    inittext     0602
intlevel0                    functab      0000
intlevel1                    functab      0000
intlevel2                    functab      0000
intlevel3                    functab      0000
intlevel4                    functab      0000
intlevel5                    functab      0000
main@F858                    dataBANK0    0042
main@F860                    dataBANK0    0038
main@count                   cstackBANK0  0036
main@digit                   cstackBANK0  0024
main@key                     cstackBANK0  0030
main@key2                    cstackBANK0  0031
main@ssd                     cstackBANK0  0032
main@wait                    cstackBANK0  002E
read_digital_keypad@mode     cstackCOMMON 0071
read_digital_keypad@once     dataBANK0    0046
reset_vec                    reset_vec    0000
start                        init         0000
start_initialization         cinit        07EE
wtemp0                       (abs)        007E


MODULE INFORMATION

Module		Function		Class		Link	Load	Size
ssd.c
		_init_ssd      		CODE           	05E3	0000	12
		_display       		CODE           	06B9	0000	86

ssd.c estimated size: 98

digital_keypad.c
		_read_digital_keypad		CODE           	0611	0000	42

digital_keypad.c estimated size: 42

C:\Program Files\Microchip\xc8\v2.40\pic\sources\c90\common\lwmod.c
		___lwmod       		CODE           	063B	0000	58

C:\Program Files\Microchip\xc8\v2.40\pic\sources\c90\common\lwmod.c estimated size: 58

shared
		__initialization		CODE           	07EE	0000	14

shared estimated size: 14

main.c
		_main          		CODE           	070F	0000	223
		_init_config   		CODE           	05DD	0000	6

main.c estimated size: 229

C:\Program Files\Microchip\xc8\v2.40\pic\sources\c90\common\lwdiv.c
		___lwdiv       		CODE           	0675	0000	68

C:\Program Files\Microchip\xc8\v2.40\pic\sources\c90\common\lwdiv.c estimated size: 68

