Microchip MPLAB XC8 Compiler V2.40

Linker command line:

-W-3 \
  --edf=C:\Program Files\Microchip\xc8\v2.40\pic\dat\20220703182018_en.msgs \
  -cn \
  -h+dist/default/production\A23-Temperature_Sensor_LM35.X.production.sym \
  --cmf=dist/default/production\A23-Temperature_Sensor_LM35.X.production.cmf \
  -z -Q16F877A -oC:\Users\WROST^~1\AppData\Local\Temp\xcAs3n8.4 \
  --defsym=__MPLAB_BUILD=1 --fixupoverflow=error \
  -Mdist/default/production/A23-Temperature_Sensor_LM35.X.production.map \
  --md=C:\Users\WROST^~1\AppData\Local\Temp\xcAs3n8.dat -E1 \
  -ver=XC8 Compiler --acfsm=1493 -ACODE=00h-07FFhx4 -ASTRCODE=00h-01FFFh \
  -ASTRING=00h-0FFhx32 -ACONST=00h-0FFhx32 -AENTRY=00h-0FFhx32 \
  -ACOMMON=070h-07Fh -ABANK0=020h-06Fh -ABANK1=0A0h-0EFh \
  -ABANK2=0110h-016Fh -ABANK3=0190h-01EFh \
  -ARAM=020h-06Fh,0A0h-0EFh,0110h-016Fh,0190h-01EFh \
  -AABS1=020h-07Fh,0A0h-0EFh,0110h-016Fh,0190h-01EFh -ASFR0=00h-01Fh \
  -ASFR1=080h-09Fh -ASFR2=0100h-010Fh -ASFR3=0180h-018Fh \
  -ACONFIG=02007h-02007h -DCONFIG=2 -AIDLOC=02000h-02003h -DIDLOC=2 \
  -AEEDATA=00h-0FFh/02100h -peeprom_data=EEDATA -DEEDATA=2 -DCODE=2 \
  -DSTRCODE=2 -DSTRING=2 -DCONST=2 -DENTRY=2 \
  -preset_vec=00h,intentry,init,end_init -ppowerup=CODE -pcinit=CODE \
  -pfunctab=ENTRY -k C:\Users\WROST^~1\AppData\Local\Temp\xcAs3n8.o \
  dist/default/production\A23-Temperature_Sensor_LM35.X.production.o 

Object code version is 3.11

Machine type is 16F877A



                Name                               Link     Load   Length Selector   Space Scale
C:\Users\WROST^~1\AppData\Local\Temp\xcAs3n8.o
                end_init                              0        0        3        0       0
                config                             2007     2007        1        0       4
dist/default/production\A23-Temperature_Sensor_LM35.X.production.o
                cinit                               7FC      7FC        4      FF8       0
                config                             2007     2007        1        0       4
                text14                              629      629      1D3      C52       0
                text13                              478      478       78      8F0       0
                text12                              56F      56F       BA      ADE       0
                text11                              2C2      2C2       20      584       0
                text10                              306      306       2F      60C       0
                text9                               293      293        7      526       0
                text8                               3B3      3B3       57      766       0
                text7                               29A      29A        B      534       0
                text6                               2A5      2A5        B      54A       0
                text5                               36F      36F       44      6DE       0
                text4                               335      335       3A      66A       0
                text3                               40A      40A       6E      814       0
                text2                               2E2      2E2       24      5C4       0
                text1                               2B0      2B0       12      560       0
                maintext                            4F0      4F0       7F      9E0       0
                cstackBANK0                          20       20       32       20       1
                cstackCOMMON                         70       70        E       70       1
                strings                               3        3       22        6       0

TOTAL           Name                               Link     Load   Length     Space
        CLASS   CODE           
                end_init                              0        0        3         0
                cinit                               7FC      7FC        4         0
                text14                              629      629      1D3         0
                text13                              478      478       78         0
                text12                              56F      56F       BA         0
                text11                              2C2      2C2       20         0
                text10                              306      306       2F         0
                text9                               293      293        7         0
                text8                               3B3      3B3       57         0
                text7                               29A      29A        B         0
                text6                               2A5      2A5        B         0
                text5                               36F      36F       44         0
                text4                               335      335       3A         0
                text3                               40A      40A       6E         0
                text2                               2E2      2E2       24         0
                text1                               2B0      2B0       12         0
                maintext                            4F0      4F0       7F         0

        CLASS   STRCODE        

        CLASS   STRING         
                strings                               3        3       22         0

        CLASS   CONST          

        CLASS   ENTRY          

        CLASS   COMMON         
                cstackCOMMON                         70       70        E         1

        CLASS   BANK0          
                cstackBANK0                          20       20       32         1

        CLASS   BANK1          

        CLASS   BANK2          

        CLASS   BANK3          

        CLASS   RAM            

        CLASS   ABS1           
                abs_s1                               7E       7E        2         1

        CLASS   SFR0           

        CLASS   SFR1           

        CLASS   SFR2           

        CLASS   SFR3           

        CLASS   CONFIG         
                config                             2007     2007        1         4

        CLASS   IDLOC          

        CLASS   EEDATA         

        CLASS   STACK          



SEGMENTS        Name                           Load    Length   Top    Selector   Space  Class     Delta

                reset_vec                      000000  000003  000003         0       0  CODE        2
                strings                        000003  000022  000025         6       0  STRING      2
                cstackBANK0                    000020  000032  000052        20       1  BANK0       1
                cstackCOMMON                   000070  00000E  00007E        70       1  COMMON      1
                text9                          000293  000007  00029A       526       0  CODE        2
                text7                          00029A  00000B  0002A5       534       0  CODE        2
                text6                          0002A5  00000B  0002B0       54A       0  CODE        2
                text1                          0002B0  000012  0002C2       560       0  CODE        2
                text11                         0002C2  000020  0002E2       584       0  CODE        2
                text2                          0002E2  000024  000306       5C4       0  CODE        2
                text10                         000306  00002F  000335       60C       0  CODE        2
                text4                          000335  00003A  00036F       66A       0  CODE        2
                text5                          00036F  000044  0003B3       6DE       0  CODE        2
                text8                          0003B3  000057  00040A       766       0  CODE        2
                text3                          00040A  00006E  000478       814       0  CODE        2
                text13                         000478  000078  0004F0       8F0       0  CODE        2
                maintext                       0004F0  00007F  00056F       9E0       0  CODE        2
                text12                         00056F  0000BA  000629       ADE       0  CODE        2
                text14                         000629  0001D3  0007FC       C52       0  CODE        2
                cinit                          0007FC  000004  000800       FF8       0  CODE        2


UNUSED ADDRESS RANGES

        Name                Unused          Largest block    Delta
        BANK0            0052-006F             1E           1
        BANK1            00A0-00EF             50           1
        BANK2            0110-016F             60           1
        BANK3            0190-01EF             60           1
        CODE             0025-0292            26E           2
                         0800-1FFF            800
        CONST            0025-0292            100           2
                         0800-1FFF            100
        EEDATA           2100-21FF            100           2
        ENTRY            0025-0292            100           2
                         0800-1FFF            100
        IDLOC            2000-2003              4           2
        RAM              0052-006F             1E           1
                         00A0-00EF             50
                         0110-016F             60
                         0190-01EF             60
        SFR0             0000-001F             20           1
        SFR1             0080-009F             20           1
        SFR2             0100-010F             10           1
        SFR3             0180-018F             10           1
        STRCODE          0025-0292            26E           2
                         0800-1FFF           1800
        STRING           0025-0292            100           2
                         0800-1FFF            100

                                  Symbol Table

?___fldiv                        cstackBANK0  0026
?___fltol                        cstackBANK0  0040
?___lwdiv                        cstackCOMMON 0070
?___lwmod                        cstackCOMMON 0070
?___xxtofl                       cstackCOMMON 0074
?_read_adc                       cstackCOMMON 0070
_ADFM                            (abs)        04FF
_ADON                            (abs)        00F8
_ADRESH                          (abs)        001E
_ADRESL                          (abs)        009E
_GO                              (abs)        00FA
_PORTD                           (abs)        0008
_RE1                             (abs)        0049
_RE2                             (abs)        004A
_TRISD                           (abs)        0088
_TRISE1                          (abs)        0449
_TRISE2                          (abs)        044A
__Habs1                          abs1         0000
__Hbank0                         bank0        0000
__Hbank1                         bank1        0000
__Hbank2                         bank2        0000
__Hbank3                         bank3        0000
__Hcinit                         cinit        0800
__Hclrtext                       clrtext      0000
__Hcode                          code         0000
__Hcommon                        common       0000
__Hconfig                        config       2008
__HcstackBANK0                   cstackBANK0  0000
__HcstackCOMMON                  cstackCOMMON 0000
__Heeprom_data                   eeprom_data  0000
__Hend_init                      end_init     0003
__Hfunctab                       functab      0000
__Hinit                          init         0000
__Hintentry                      intentry     0000
__Hmaintext                      maintext     0000
__Hpowerup                       powerup      0000
__Hram                           ram          0000
__Hreset_vec                     reset_vec    0000
__Hsfr0                          sfr0         0000
__Hsfr1                          sfr1         0000
__Hsfr2                          sfr2         0000
__Hsfr3                          sfr3         0000
__Hspace_0                       (abs)        0800
__Hspace_1                       (abs)        007E
__Hspace_2                       (abs)        0000
__Hspace_3                       (abs)        0000
__Hspace_4                       (abs)        400F
__Hstack                         stack        0000
__Hstrings                       strings      0000
__Htext                          text         0000
__Labs1                          abs1         0000
__Lbank0                         bank0        0000
__Lbank1                         bank1        0000
__Lbank2                         bank2        0000
__Lbank3                         bank3        0000
__Lcinit                         cinit        07FC
__Lclrtext                       clrtext      0000
__Lcode                          code         0000
__Lcommon                        common       0000
__Lconfig                        config       0000
__LcstackBANK0                   cstackBANK0  0000
__LcstackCOMMON                  cstackCOMMON 0000
__Leeprom_data                   eeprom_data  0000
__Lend_init                      end_init     0000
__Lfunctab                       functab      0000
__Linit                          init         0000
__Lintentry                      intentry     0000
__Lmaintext                      maintext     0000
__Lpowerup                       powerup      0000
__Lram                           ram          0000
__Lreset_vec                     reset_vec    0000
__Lsfr0                          sfr0         0000
__Lsfr1                          sfr1         0000
__Lsfr2                          sfr2         0000
__Lsfr3                          sfr3         0000
__Lspace_0                       (abs)        0000
__Lspace_1                       (abs)        0000
__Lspace_2                       (abs)        0000
__Lspace_3                       (abs)        0000
__Lspace_4                       (abs)        0000
__Lstack                         stack        0000
__Lstrings                       strings      0000
__Ltext                          text         0000
__S0                             (abs)        0800
__S1                             (abs)        007E
__S3                             (abs)        0000
___fldiv                         text14       0629
___fldiv@a                       cstackBANK0  0026
___fldiv@aexp                    cstackBANK0  003F
___fldiv@b                       cstackBANK0  002A
___fldiv@bexp                    cstackBANK0  003E
___fldiv@grs                     cstackBANK0  003A
___fldiv@new_exp                 cstackBANK0  0038
___fldiv@rem                     cstackBANK0  0033
___fldiv@sign                    cstackBANK0  0037
___fltol                         text13       0478
___fltol@exp1                    cstackCOMMON 007D
___fltol@f1                      cstackBANK0  0040
___fltol@sign1                   cstackCOMMON 007C
___int_sp                        stack        0000
___latbits                       (abs)        0002
___lwdiv                         text5        036F
___lwdiv@counter                 cstackCOMMON 0077
___lwdiv@dividend                cstackCOMMON 0072
___lwdiv@divisor                 cstackCOMMON 0070
___lwdiv@quotient                cstackCOMMON 0075
___lwmod                         text4        0335
___lwmod@counter                 cstackCOMMON 0075
___lwmod@dividend                cstackCOMMON 0072
___lwmod@divisor                 cstackCOMMON 0070
___sp                            stack        0000
___stackhi                       (abs)        0000
___stacklo                       (abs)        0000
___xxtofl                        text12       056F
___xxtofl@arg                    cstackBANK0  0022
___xxtofl@exp                    cstackBANK0  0021
___xxtofl@sign                   cstackBANK0  0020
___xxtofl@val                    cstackCOMMON 0074
__end_of___fldiv                 text14       07FC
__end_of___fltol                 text13       04F0
__end_of___lwdiv                 text5        03B3
__end_of___lwmod                 text4        036F
__end_of___xxtofl                text12       0629
__end_of__initialization         cinit        07FC
__end_of__stringtab              strings      0013
__end_of_clcd_print              text10       0335
__end_of_clcd_write              text11       02E2
__end_of_init_adc                text9        029A
__end_of_init_clcd               text7        02A5
__end_of_init_config             text6        02B0
__end_of_init_display_controller text8        040A
__end_of_itoa                    text2        0306
__end_of_main                    maintext     056F
__end_of_read_adc                text1        02C2
__end_of_utoa                    text3        0478
__initialization                 cinit        07FC
__pcstackBANK0                   cstackBANK0  0020
__pcstackCOMMON                  cstackCOMMON 0070
__pmaintext                      maintext     04F0
__pstrings                       strings      0003
__ptext1                         text1        02B0
__ptext10                        text10       0306
__ptext11                        text11       02C2
__ptext12                        text12       056F
__ptext13                        text13       0478
__ptext14                        text14       0629
__ptext2                         text2        02E2
__ptext3                         text3        040A
__ptext4                         text4        0335
__ptext5                         text5        036F
__ptext6                         text6        02A5
__ptext7                         text7        029A
__ptext8                         text8        03B3
__ptext9                         text9        0293
__stringbase                     strings      0012
__stringtab                      strings      0003
_clcd_print                      text10       0306
_clcd_write                      text11       02C2
_init_adc                        text9        0293
_init_clcd                       text7        029A
_init_config                     text6        02A5
_init_display_controller         text8        03B3
_itoa                            text2        02E2
_main                            maintext     04F0
_nDONE                           (abs)        00FA
_read_adc                        text1        02B0
_utoa                            text3        040A
btemp                            (abs)        007E
clcd_print@addr                  cstackCOMMON 0076
clcd_print@str                   cstackCOMMON 0074
clcd_write@byte                  cstackCOMMON 0073
clcd_write@mode                  cstackCOMMON 0070
end_of_initialization            cinit        07FC
intlevel0                        functab      0000
intlevel1                        functab      0000
intlevel2                        functab      0000
intlevel3                        functab      0000
intlevel4                        functab      0000
intlevel5                        functab      0000
itoa@base                        cstackBANK0  0026
itoa@buf                         cstackBANK0  0028
itoa@val                         cstackBANK0  0024
main@arr                         cstackBANK0  004C
main@temp                        cstackBANK0  0050
read_adc@adc_reg_val             cstackCOMMON 0072
reset_vec                        reset_vec    0000
start                            init         0000
start_initialization             cinit        07FC
utoa@base                        cstackCOMMON 007A
utoa@buf                         cstackBANK0  0023
utoa@c                           cstackBANK0  0022
utoa@v                           cstackBANK0  0020
utoa@val                         cstackCOMMON 0078
wtemp0                           (abs)        007E


MODULE INFORMATION

Module		Function		Class		Link	Load	Size
C:\Program Files\Microchip\xc8\v2.40\pic\sources\c90\common\fltol.c
		___fltol       		CODE           	0478	0000	120

C:\Program Files\Microchip\xc8\v2.40\pic\sources\c90\common\fltol.c estimated size: 120

C:\Program Files\Microchip\xc8\v2.40\pic\sources\c90\common\sprcdiv.c
		___fldiv       		CODE           	0629	0000	467

C:\Program Files\Microchip\xc8\v2.40\pic\sources\c90\common\sprcdiv.c estimated size: 467

adc.c
		_init_adc      		CODE           	0293	0000	7
		_read_adc      		CODE           	02B0	0000	18

adc.c estimated size: 25

C:\Program Files\Microchip\xc8\v2.40\pic\sources\c90\common\lwmod.c
		___lwmod       		CODE           	0335	0000	58

C:\Program Files\Microchip\xc8\v2.40\pic\sources\c90\common\lwmod.c estimated size: 58

shared
		__stringtab    		STRING         	0003	0000	16
		__initialization		CODE           	07FC	0000	1

shared estimated size: 17

clcd.c
		_clcd_write    		CODE           	02C2	0000	32
		_clcd_print    		CODE           	0306	0000	47
		_init_display_controller		CODE           	03B3	0000	87
		_init_clcd     		CODE           	029A	0000	11

clcd.c estimated size: 177

C:\Program Files\Microchip\xc8\v2.40\pic\sources\c90\common\itoa.c
		_itoa          		CODE           	02E2	0000	36
		_utoa          		CODE           	040A	0000	110

C:\Program Files\Microchip\xc8\v2.40\pic\sources\c90\common\itoa.c estimated size: 146

main.c
		_main          		CODE           	04F0	0000	127
		_init_config   		CODE           	02A5	0000	11

main.c estimated size: 138

C:\Program Files\Microchip\xc8\v2.40\pic\sources\c90\common\lwdiv.c
		___lwdiv       		CODE           	036F	0000	68

C:\Program Files\Microchip\xc8\v2.40\pic\sources\c90\common\lwdiv.c estimated size: 68

C:\Program Files\Microchip\xc8\v2.40\pic\sources\c90\common\xxtofl.c
		___xxtofl      		CODE           	056F	0000	186

C:\Program Files\Microchip\xc8\v2.40\pic\sources\c90\common\xxtofl.c estimated size: 186

