Microchip MPLAB XC8 Compiler V2.40

Linker command line:

-W-3 \
  --edf=C:\Program Files\Microchip\xc8\v2.40\pic\dat\20220703182018_en.msgs \
  -cn -h+dist/default/production\A30-Key_Detection_UART.X.production.sym \
  --cmf=dist/default/production\A30-Key_Detection_UART.X.production.cmf -z \
  -Q16F877A -oC:\Users\WROST^~1\AppData\Local\Temp\xcAs6j8.4 \
  --defsym=__MPLAB_BUILD=1 --fixupoverflow=error \
  -Mdist/default/production/A30-Key_Detection_UART.X.production.map \
  --md=C:\Users\WROST^~1\AppData\Local\Temp\xcAs6j8.dat -E1 \
  -ver=XC8 Compiler --acfsm=1493 -ACODE=00h-07FFhx4 -ASTRCODE=00h-01FFFh \
  -ASTRING=00h-0FFhx32 -ACONST=00h-0FFhx32 -AENTRY=00h-0FFhx32 \
  -ACOMMON=070h-07Fh -ABANK0=020h-06Fh -ABANK1=0A0h-0EFh \
  -ABANK2=0110h-016Fh -ABANK3=0190h-01EFh \
  -ARAM=020h-06Fh,0A0h-0EFh,0110h-016Fh,0190h-01EFh \
  -AABS1=020h-07Fh,0A0h-0EFh,0110h-016Fh,0190h-01EFh -ASFR0=00h-01Fh \
  -ASFR1=080h-09Fh -ASFR2=0100h-010Fh -ASFR3=0180h-018Fh \
  -ACONFIG=02007h-02007h -DCONFIG=2 -AIDLOC=02000h-02003h -DIDLOC=2 \
  -AEEDATA=00h-0FFh/02100h -peeprom_data=EEDATA -DEEDATA=2 -DCODE=2 \
  -DSTRCODE=2 -DSTRING=2 -DCONST=2 -DENTRY=2 \
  -preset_vec=00h,intentry,init,end_init -ppowerup=CODE -pcinit=CODE \
  -pfunctab=ENTRY -k C:\Users\WROST^~1\AppData\Local\Temp\xcAs6j8.o \
  dist/default/production\A30-Key_Detection_UART.X.production.o 

Object code version is 3.11

Machine type is 16F877A



                Name                               Link     Load   Length Selector   Space Scale
C:\Users\WROST^~1\AppData\Local\Temp\xcAs6j8.o
                end_init                              0        0        3        0       0
                config                             2007     2007        1        0       4
dist/default/production\A30-Key_Detection_UART.X.production.o
                cinit                               7F6      7F6        A      FEC       0
                config                             2007     2007        1        0       4
                text7                               691      691        6      D22       0
                text6                               790      790       66      F20       0
                text5                               706      706       30      E0C       0
                text4                               697      697        B      D2E       0
                text3                               6BD      6BD       1F      D7A       0
                text2                               6A2      6A2       1B      D44       0
                text1                               6DC      6DC       2A      DB8       0
                maintext                            736      736       5A      E6C       0
                cstackBANK0                          20       20        B       20       1
                cstackCOMMON                         70       70        E       70       1
                dataBANK0                            2B       2B        1       20       1
                strings                               3        3       6B        6       0
                idataBANK0                          690      690        1      D20       0

TOTAL           Name                               Link     Load   Length     Space
        CLASS   CODE           
                end_init                              0        0        3         0
                cinit                               7F6      7F6        A         0
                text7                               691      691        6         0
                text6                               790      790       66         0
                text5                               706      706       30         0
                text4                               697      697        B         0
                text3                               6BD      6BD       1F         0
                text2                               6A2      6A2       1B         0
                text1                               6DC      6DC       2A         0
                maintext                            736      736       5A         0
                idataBANK0                          690      690        1         0

        CLASS   STRCODE        

        CLASS   STRING         
                strings                               3        3       6B         0

        CLASS   CONST          

        CLASS   ENTRY          

        CLASS   COMMON         
                cstackCOMMON                         70       70        E         1

        CLASS   BANK0          
                cstackBANK0                          20       20        B         1
                dataBANK0                            2B       2B        1         1

        CLASS   BANK1          

        CLASS   BANK2          

        CLASS   BANK3          

        CLASS   RAM            

        CLASS   ABS1           
                abs_s1                               7E       7E        2         1

        CLASS   SFR0           

        CLASS   SFR1           

        CLASS   SFR2           

        CLASS   SFR3           

        CLASS   CONFIG         
                config                             2007     2007        1         4

        CLASS   IDLOC          

        CLASS   EEDATA         

        CLASS   STACK          



SEGMENTS        Name                           Load    Length   Top    Selector   Space  Class     Delta

                reset_vec                      000000  000003  000003         0       0  CODE        2
                strings                        000003  00006B  00006E         6       0  STRING      2
                cstackBANK0                    000020  00000C  00002C        20       1  BANK0       1
                cstackCOMMON                   000070  00000E  00007E        70       1  COMMON      1
                idataBANK0                     000690  000001  000691       D20       0  CODE        2
                text7                          000691  000006  000697       D22       0  CODE        2
                text4                          000697  00000B  0006A2       D2E       0  CODE        2
                text2                          0006A2  00001B  0006BD       D44       0  CODE        2
                text3                          0006BD  00001F  0006DC       D7A       0  CODE        2
                text1                          0006DC  00002A  000706       DB8       0  CODE        2
                text5                          000706  000030  000736       E0C       0  CODE        2
                maintext                       000736  00005A  000790       E6C       0  CODE        2
                text6                          000790  000066  0007F6       F20       0  CODE        2
                cinit                          0007F6  00000A  000800       FEC       0  CODE        2


UNUSED ADDRESS RANGES

        Name                Unused          Largest block    Delta
        BANK0            002C-006F             44           1
        BANK1            00A0-00EF             50           1
        BANK2            0110-016F             60           1
        BANK3            0190-01EF             60           1
        CODE             006E-068F            622           2
                         0800-1FFF            800
        CONST            006E-068F            100           2
                         0800-1FFF            100
        EEDATA           2100-21FF            100           2
        ENTRY            006E-068F            100           2
                         0800-1FFF            100
        IDLOC            2000-2003              4           2
        RAM              002C-006F             44           1
                         00A0-00EF             50
                         0110-016F             60
                         0190-01EF             60
        SFR0             0000-001F             20           1
        SFR1             0080-009F             20           1
        SFR2             0100-010F             10           1
        SFR3             0180-018F             10           1
        STRCODE          006E-068F            622           2
                         0800-1FFF           1800
        STRING           006E-068F            100           2
                         0800-1FFF            100

                                  Symbol Table

?___lldiv                    cstackCOMMON 0070
_CREN                        (abs)        00C4
_PORTB                       (abs)        0006
_RCIF                        (abs)        0065
_RCREG                       (abs)        001A
_SPBRG                       (abs)        0099
_SPEN                        (abs)        00C7
_TRISB                       (abs)        0086
_TXIF                        (abs)        0064
_TXREG                       (abs)        0019
__Habs1                      abs1         0000
__Hbank0                     bank0        0000
__Hbank1                     bank1        0000
__Hbank2                     bank2        0000
__Hbank3                     bank3        0000
__Hcinit                     cinit        0800
__Hclrtext                   clrtext      0000
__Hcode                      code         0000
__Hcommon                    common       0000
__Hconfig                    config       2008
__HcstackBANK0               cstackBANK0  0000
__HcstackCOMMON              cstackCOMMON 0000
__HdataBANK0                 dataBANK0    0000
__Heeprom_data               eeprom_data  0000
__Hend_init                  end_init     0003
__Hfunctab                   functab      0000
__HidataBANK0                idataBANK0   0000
__Hinit                      init         0000
__Hintentry                  intentry     0000
__Hmaintext                  maintext     0000
__Hpowerup                   powerup      0000
__Hram                       ram          0000
__Hreset_vec                 reset_vec    0000
__Hsfr0                      sfr0         0000
__Hsfr1                      sfr1         0000
__Hsfr2                      sfr2         0000
__Hsfr3                      sfr3         0000
__Hspace_0                   (abs)        0800
__Hspace_1                   (abs)        007E
__Hspace_2                   (abs)        0000
__Hspace_3                   (abs)        0000
__Hspace_4                   (abs)        400F
__Hstack                     stack        0000
__Hstrings                   strings      0000
__Htext                      text         0000
__Labs1                      abs1         0000
__Lbank0                     bank0        0000
__Lbank1                     bank1        0000
__Lbank2                     bank2        0000
__Lbank3                     bank3        0000
__Lcinit                     cinit        07F6
__Lclrtext                   clrtext      0000
__Lcode                      code         0000
__Lcommon                    common       0000
__Lconfig                    config       0000
__LcstackBANK0               cstackBANK0  0000
__LcstackCOMMON              cstackCOMMON 0000
__LdataBANK0                 dataBANK0    0000
__Leeprom_data               eeprom_data  0000
__Lend_init                  end_init     0000
__Lfunctab                   functab      0000
__LidataBANK0                idataBANK0   0000
__Linit                      init         0000
__Lintentry                  intentry     0000
__Lmaintext                  maintext     0000
__Lpowerup                   powerup      0000
__Lram                       ram          0000
__Lreset_vec                 reset_vec    0000
__Lsfr0                      sfr0         0000
__Lsfr1                      sfr1         0000
__Lsfr2                      sfr2         0000
__Lsfr3                      sfr3         0000
__Lspace_0                   (abs)        0000
__Lspace_1                   (abs)        0000
__Lspace_2                   (abs)        0000
__Lspace_3                   (abs)        0000
__Lspace_4                   (abs)        0000
__Lstack                     stack        0000
__Lstrings                   strings      0000
__Ltext                      text         0000
__S0                         (abs)        0800
__S1                         (abs)        007E
__S3                         (abs)        0000
___int_sp                    stack        0000
___latbits                   (abs)        0002
___lldiv                     text6        0790
___lldiv@counter             cstackCOMMON 007D
___lldiv@dividend            cstackCOMMON 0074
___lldiv@divisor             cstackCOMMON 0070
___lldiv@quotient            cstackCOMMON 0079
___sp                        stack        0000
___stackhi                   (abs)        0000
___stacklo                   (abs)        0000
__end_of___lldiv             text6        07F6
__end_of__initialization     cinit        07FC
__end_of__stringtab          strings      0009
__end_of_init_config         text2        06BD
__end_of_init_digital_keypad text7        0697
__end_of_init_uart           text5        0736
__end_of_main                maintext     0790
__end_of_putchar             text4        06A2
__end_of_puts                text3        06DC
__end_of_read_digital_keypad text1        0706
__initialization             cinit        07F6
__pcstackBANK0               cstackBANK0  0020
__pcstackCOMMON              cstackCOMMON 0070
__pdataBANK0                 dataBANK0    002B
__pidataBANK0                idataBANK0   0690
__pmaintext                  maintext     0736
__pstrings                   strings      0003
__ptext1                     text1        06DC
__ptext2                     text2        06A2
__ptext3                     text3        06BD
__ptext4                     text4        0697
__ptext5                     text5        0706
__ptext6                     text6        0790
__ptext7                     text7        0691
__stringbase                 strings      0008
__stringtab                  strings      0003
_init_config                 text2        06A2
_init_digital_keypad         text7        0691
_init_uart                   text5        0706
_main                        maintext     0736
_putchar                     text4        0697
_puts                        text3        06BD
_read_digital_keypad         text1        06DC
btemp                        (abs)        007E
end_of_initialization        cinit        07FC
init_uart@baud               cstackBANK0  0020
intlevel0                    functab      0000
intlevel1                    functab      0000
intlevel2                    functab      0000
intlevel3                    functab      0000
intlevel4                    functab      0000
intlevel5                    functab      0000
main@i                       cstackBANK0  0028
main@key                     cstackBANK0  002A
putchar@data                 cstackCOMMON 0070
puts@s                       cstackCOMMON 0072
read_digital_keypad@mode     cstackCOMMON 0071
read_digital_keypad@once     dataBANK0    002B
reset_vec                    reset_vec    0000
start                        init         0000
start_initialization         cinit        07F6
wtemp0                       (abs)        007E


MODULE INFORMATION

Module		Function		Class		Link	Load	Size
digital_keypad.c
		_init_digital_keypad		CODE           	0691	0000	6
		_read_digital_keypad		CODE           	06DC	0000	42

digital_keypad.c estimated size: 48

uart.c
		_init_uart     		CODE           	0706	0000	48
		_puts          		CODE           	06BD	0000	31
		_putchar       		CODE           	0697	0000	11

uart.c estimated size: 90

C:\Program Files\Microchip\xc8\v2.40\pic\sources\c90\common\__lldiv.c
		___lldiv       		CODE           	0790	0000	102

C:\Program Files\Microchip\xc8\v2.40\pic\sources\c90\common\__lldiv.c estimated size: 102

shared
		__stringtab    		STRING         	0003	0000	6
		__initialization		CODE           	07F6	0000	6

shared estimated size: 12

main.c
		_main          		CODE           	0736	0000	90
		_init_config   		CODE           	06A2	0000	27

main.c estimated size: 117

