Microchip MPLAB XC8 Compiler V2.40

Linker command line:

-W-3 \
  --edf=C:\Program Files\Microchip\xc8\v2.40\pic\dat\20220703182018_en.msgs \
  -cn -h+dist/default/production\A11-Digital-Clock.X.production.sym \
  --cmf=dist/default/production\A11-Digital-Clock.X.production.cmf -z \
  -Q16F877A -oC:\Users\WROST^~1\AppData\Local\Temp\xcAs99c.4 \
  --defsym=__MPLAB_BUILD=1 --fixupoverflow=error \
  -Mdist/default/production/A11-Digital-Clock.X.production.map \
  --md=C:\Users\WROST^~1\AppData\Local\Temp\xcAs99c.dat -E1 \
  -ver=XC8 Compiler --acfsm=1493 -ACODE=00h-07FFhx4 -ASTRCODE=00h-01FFFh \
  -ASTRING=00h-0FFhx32 -ACONST=00h-0FFhx32 -AENTRY=00h-0FFhx32 \
  -ACOMMON=070h-07Fh -ABANK0=020h-06Fh -ABANK1=0A0h-0EFh \
  -ABANK2=0110h-016Fh -ABANK3=0190h-01EFh \
  -ARAM=020h-06Fh,0A0h-0EFh,0110h-016Fh,0190h-01EFh \
  -AABS1=020h-07Fh,0A0h-0EFh,0110h-016Fh,0190h-01EFh -ASFR0=00h-01Fh \
  -ASFR1=080h-09Fh -ASFR2=0100h-010Fh -ASFR3=0180h-018Fh \
  -ACONFIG=02007h-02007h -DCONFIG=2 -AIDLOC=02000h-02003h -DIDLOC=2 \
  -AEEDATA=00h-0FFh/02100h -peeprom_data=EEDATA -DEEDATA=2 -DCODE=2 \
  -DSTRCODE=2 -DSTRING=2 -DCONST=2 -DENTRY=2 \
  -preset_vec=00h,intentry=04h,init,end_init -ppowerup=CODE -pcinit=CODE \
  -pfunctab=ENTRY -k C:\Users\WROST^~1\AppData\Local\Temp\xcAs99c.o \
  dist/default/production\A11-Digital-Clock.X.production.o 

Object code version is 3.11

Machine type is 16F877A



                Name                               Link     Load   Length Selector   Space Scale
C:\Users\WROST^~1\AppData\Local\Temp\xcAs99c.o
                end_init                              C        C        3        8       0
                reset_vec                             0        0        3        0       0
                config                             2007     2007        1        0       4
dist/default/production\A11-Digital-Clock.X.production.o
                cinit                                 F        F       2C        8       0
                intentry                              4        4        8        8       0
                config                             2007     2007        1        0       4
                text10                              26B      26B       88        8       0
                text9                               2F3      2F3       46        8       0
                text8                               339      339       3C        8       0
                text7                               3E2      3E2       36        8       0
                text6                               3AC      3AC       36        8       0
                text5                               375      375       37        8       0
                text4                               461      461        C        8       0
                text3                               46D      46D        B        8       0
                text2                               478      478        A        8       0
                text1                               418      418       2A        8       0
                maintext                             3B       3B      230        8       0
                cstackBANK0                          32       32       12       20       1
                cstackCOMMON                         70       70        6       70       1
                clrtext                             482      482        8        8       0
                inittext                            442      442       13        8       0
                dataBANK0                            44       44        C       20       1
                bssBANK0                             20       20       12       20       1
                dataCOMMON                           76       76        3       70       1
                idataBANK0                          455      455        C        8       0
                idataCOMMON                         48A      48A        3        8       0

TOTAL           Name                               Link     Load   Length     Space
        CLASS   CODE           
                end_init                              C        C        3         0
                cinit                                 F        F       2C         0
                intentry                              4        4        8         0
                reset_vec                             0        0        3         0
                text10                              26B      26B       88         0
                text9                               2F3      2F3       46         0
                text8                               339      339       3C         0
                text7                               3E2      3E2       36         0
                text6                               3AC      3AC       36         0
                text5                               375      375       37         0
                text4                               461      461        C         0
                text3                               46D      46D        B         0
                text2                               478      478        A         0
                text1                               418      418       2A         0
                maintext                             3B       3B      230         0
                clrtext                             482      482        8         0
                inittext                            442      442       13         0
                idataBANK0                          455      455        C         0
                idataCOMMON                         48A      48A        3         0

        CLASS   STRCODE        

        CLASS   STRING         

        CLASS   CONST          

        CLASS   ENTRY          

        CLASS   COMMON         
                cstackCOMMON                         70       70        6         1
                dataCOMMON                           76       76        3         1

        CLASS   BANK0          
                cstackBANK0                          32       32       12         1
                dataBANK0                            44       44        C         1
                bssBANK0                             20       20       12         1

        CLASS   BANK1          

        CLASS   BANK2          

        CLASS   BANK3          

        CLASS   RAM            

        CLASS   ABS1           
                abs_s1                               7E       7E        2         1

        CLASS   SFR0           

        CLASS   SFR1           

        CLASS   SFR2           

        CLASS   SFR3           

        CLASS   CONFIG         
                config                             2007     2007        1         4

        CLASS   IDLOC          

        CLASS   EEDATA         

        CLASS   STACK          



SEGMENTS        Name                           Load    Length   Top    Selector   Space  Class     Delta

                reset_vec                      000000  000003  000003         0       0  CODE        2
                intentry                       000004  000489  00048D         8       0  CODE        2
                bssBANK0                       000020  000030  000050        20       1  BANK0       1
                cstackCOMMON                   000070  000009  000079        70       1  COMMON      1


UNUSED ADDRESS RANGES

        Name                Unused          Largest block    Delta
        BANK0            0050-006F             20           1
        BANK1            00A0-00EF             50           1
        BANK2            0110-016F             60           1
        BANK3            0190-01EF             60           1
        CODE             0003-0003              1           2
                         048D-1FFF            800
        COMMON           0079-007D              5           1
        CONST            0003-0003              1           2
                         048D-1FFF            100
        EEDATA           2100-21FF            100           2
        ENTRY            0003-0003              1           2
                         048D-1FFF            100
        IDLOC            2000-2003              4           2
        RAM              0050-006F             20           1
                         00A0-00EF             50
                         0110-016F             60
                         0190-01EF             60
        SFR0             0000-001F             20           1
        SFR1             0080-009F             20           1
        SFR2             0100-010F             10           1
        SFR3             0180-018F             10           1
        STRCODE          0003-0003              1           2
                         048D-1FFF           1B73
        STRING           0003-0003              1           2
                         048D-1FFF            100

                                  Symbol Table

?___lwdiv                    cstackBANK0  0032
?___lwmod                    cstackBANK0  0032
_GIE                         (abs)        005F
_PEIE                        (abs)        005E
_PORTA                       (abs)        0005
_PORTB                       (abs)        0006
_PORTD                       (abs)        0008
_PR2                         (abs)        0092
_T2CKPS0                     (abs)        0090
_T2CKPS1                     (abs)        0091
_TMR2IE                      (abs)        0461
_TMR2IF                      (abs)        0061
_TMR2ON                      (abs)        0092
_TRISA                       (abs)        0085
_TRISB                       (abs)        0086
_TRISD                       (abs)        0088
__Habs1                      abs1         0000
__Hbank0                     bank0        0000
__Hbank1                     bank1        0000
__Hbank2                     bank2        0000
__Hbank3                     bank3        0000
__HbssBANK0                  bssBANK0     0000
__Hcinit                     cinit        003B
__Hclrtext                   clrtext      0000
__Hcode                      code         0000
__Hcommon                    common       0000
__Hconfig                    config       2008
__HcstackBANK0               cstackBANK0  0000
__HcstackCOMMON              cstackCOMMON 0000
__HdataBANK0                 dataBANK0    0000
__HdataCOMMON                dataCOMMON   0000
__Heeprom_data               eeprom_data  0000
__Hend_init                  end_init     000F
__Hfunctab                   functab      0000
__HidataBANK0                idataBANK0   0000
__HidataCOMMON               idataCOMMON  0000
__Hinit                      init         000C
__Hinittext                  inittext     0000
__Hintentry                  intentry     000C
__Hmaintext                  maintext     0000
__Hpowerup                   powerup      0000
__Hram                       ram          0000
__Hreset_vec                 reset_vec    0003
__Hsfr0                      sfr0         0000
__Hsfr1                      sfr1         0000
__Hsfr2                      sfr2         0000
__Hsfr3                      sfr3         0000
__Hspace_0                   (abs)        048D
__Hspace_1                   (abs)        0079
__Hspace_2                   (abs)        0000
__Hspace_3                   (abs)        0000
__Hspace_4                   (abs)        400F
__Hstack                     stack        0000
__Hstrings                   strings      0000
__Htext                      text         0000
__Labs1                      abs1         0000
__Lbank0                     bank0        0000
__Lbank1                     bank1        0000
__Lbank2                     bank2        0000
__Lbank3                     bank3        0000
__LbssBANK0                  bssBANK0     0000
__Lcinit                     cinit        000F
__Lclrtext                   clrtext      0000
__Lcode                      code         0000
__Lcommon                    common       0000
__Lconfig                    config       0000
__LcstackBANK0               cstackBANK0  0000
__LcstackCOMMON              cstackCOMMON 0000
__LdataBANK0                 dataBANK0    0000
__LdataCOMMON                dataCOMMON   0000
__Leeprom_data               eeprom_data  0000
__Lend_init                  end_init     000C
__Lfunctab                   functab      0000
__LidataBANK0                idataBANK0   0000
__LidataCOMMON               idataCOMMON  0000
__Linit                      init         000C
__Linittext                  inittext     0000
__Lintentry                  intentry     0004
__Lmaintext                  maintext     0000
__Lpowerup                   powerup      0000
__Lram                       ram          0000
__Lreset_vec                 reset_vec    0000
__Lsfr0                      sfr0         0000
__Lsfr1                      sfr1         0000
__Lsfr2                      sfr2         0000
__Lsfr3                      sfr3         0000
__Lspace_0                   (abs)        0000
__Lspace_1                   (abs)        0000
__Lspace_2                   (abs)        0000
__Lspace_3                   (abs)        0000
__Lspace_4                   (abs)        0000
__Lstack                     stack        0000
__Lstrings                   strings      0000
__Ltext                      text         0000
__S0                         (abs)        048D
__S1                         (abs)        0079
__S3                         (abs)        0000
___int_sp                    stack        0000
___latbits                   (abs)        0002
___lwdiv                     text9        02F3
___lwdiv@counter             cstackBANK0  0036
___lwdiv@dividend            cstackBANK0  0034
___lwdiv@divisor             cstackBANK0  0032
___lwdiv@quotient            cstackBANK0  0037
___lwmod                     text8        0339
___lwmod@counter             cstackCOMMON 0075
___lwmod@dividend            cstackBANK0  0034
___lwmod@divisor             cstackBANK0  0032
___sp                        stack        0000
___stackhi                   (abs)        0000
___stacklo                   (abs)        0000
__end_of___lwdiv             text9        0339
__end_of___lwmod             text8        0375
__end_of__initialization     cinit        0037
__end_of_display             text7        0418
__end_of_display_hour        text6        03E2
__end_of_display_mnt         text5        03AC
__end_of_init_config         text3        0478
__end_of_init_ssd            text4        046D
__end_of_init_timer2         text2        0482
__end_of_isr                 text10       02F3
__end_of_main                maintext     026B
__end_of_read_digital_keypad text1        0442
__initialization             cinit        000F
__pbssBANK0                  bssBANK0     0020
__pcstackBANK0               cstackBANK0  0032
__pcstackCOMMON              cstackCOMMON 0070
__pdataBANK0                 dataBANK0    0044
__pdataCOMMON                dataCOMMON   0076
__pidataBANK0                idataBANK0   0455
__pidataCOMMON               idataCOMMON  048A
__pintentry                  intentry     0004
__pmaintext                  maintext     003B
__ptext1                     text1        0418
__ptext10                    text10       026B
__ptext2                     text2        0478
__ptext3                     text3        046D
__ptext4                     text4        0461
__ptext5                     text5        0375
__ptext6                     text6        03AC
__ptext7                     text7        03E2
__ptext8                     text8        0339
__ptext9                     text9        02F3
_digits                      dataBANK0    0044
_dis_flag                    dataBANK0    004E
_display                     text7        03E2
_display_hour                text6        03AC
_display_mnt                 text5        0375
_flag                        bssBANK0     0028
_hour                        bssBANK0     002C
_init_config                 text3        046D
_init_ssd                    text4        0461
_init_timer2                 text2        0478
_isr                         text10       026B
_main                        maintext     003B
_minute                      bssBANK0     002A
_read_digital_keypad         text1        0418
_ssd                         bssBANK0     002E
btemp                        (abs)        007E
clear_ram0                   clrtext      0482
display@data                 cstackBANK0  0034
display@digit                cstackBANK0  0035
display@wait                 cstackBANK0  0032
display_hour@data            cstackBANK0  0034
display_hour@digit           cstackBANK0  0035
display_hour@wait            cstackBANK0  0032
display_mnt@data             cstackBANK0  0034
display_mnt@digit            cstackBANK0  0035
display_mnt@wait             cstackBANK0  0032
end_of_initialization        cinit        0037
init_fetch0                  inittext     0442
init_ram0                    inittext     0446
interrupt_function           intentry     0004
intlevel0                    functab      0000
intlevel1                    functab      0000
intlevel2                    functab      0000
intlevel3                    functab      0000
intlevel4                    functab      0000
intlevel5                    functab      0000
isr@count1                   bssBANK0     0024
isr@count2                   bssBANK0     0020
main@key                     cstackBANK0  0043
main@sw3_flag                cstackBANK0  0041
main@sw4_flag                cstackBANK0  003F
main@wait                    cstackBANK0  003B
read_digital_keypad@mode     cstackCOMMON 0075
read_digital_keypad@once     dataCOMMON   0078
reset_vec                    reset_vec    0000
saved_w                      (abs)        007E
start                        init         000C
start_initialization         cinit        000F
wtemp0                       (abs)        007E


MODULE INFORMATION

Module		Function		Class		Link	Load	Size
ssd.c
		_init_ssd      		CODE           	0461	0000	12
		_display       		CODE           	03E2	0000	54
		_display_mnt   		CODE           	0375	0000	55
		_display_hour  		CODE           	03AC	0000	54

ssd.c estimated size: 175

timers.c
		_init_timer2   		CODE           	0478	0000	10

timers.c estimated size: 10

digital_keypad.c
		_read_digital_keypad		CODE           	0418	0000	42

digital_keypad.c estimated size: 42

isr.c
		_isr           		CODE           	026B	0000	136

isr.c estimated size: 136

C:\Program Files\Microchip\xc8\v2.40\pic\sources\c90\common\lwmod.c
		___lwmod       		CODE           	0339	0000	60

C:\Program Files\Microchip\xc8\v2.40\pic\sources\c90\common\lwmod.c estimated size: 60

shared
		__initialization		CODE           	000F	0000	40

shared estimated size: 40

main.c
		_main          		CODE           	003B	0000	560
		_init_config   		CODE           	046D	0000	11

main.c estimated size: 571

C:\Program Files\Microchip\xc8\v2.40\pic\sources\c90\common\lwdiv.c
		___lwdiv       		CODE           	02F3	0000	70

C:\Program Files\Microchip\xc8\v2.40\pic\sources\c90\common\lwdiv.c estimated size: 70

